2026-01-29 14:13:39,456: Dataset: LoDoPaB
2026-01-29 14:13:39,458: Train set size: 20, Val set size: 5
2026-01-29 14:13:39,519: Loaded pretrained weights from weights/score_for_CT/CRR_score_training_for_CT.pt
2026-01-29 14:13:39,521: ======================================================================
2026-01-29 14:13:39,577: HYPERGRADIENT METHOD COMPARISON (CT)
2026-01-29 14:13:39,579: ======================================================================
2026-01-29 14:13:39,687: Run ID: 20260129_run5
2026-01-29 14:13:39,736: Problem: CT
2026-01-29 14:13:39,760: Regularizer: CRR
2026-01-29 14:13:39,786: Epochs: 10
2026-01-29 14:13:39,814: Validation epochs: 3
2026-01-29 14:13:39,826: Load pretrained weights: True
2026-01-29 14:13:39,839: Load parameter-fitted weights: False
2026-01-29 14:13:39,868: RevDEQ beta: 0.5
2026-01-29 14:13:39,912: RevDEQ step size: 0.0001
2026-01-29 14:13:39,925: Function evaluations per batch:
2026-01-29 14:13:39,932:   JFB: 40 steps x 1 = 40 f-evals, step_size=0.1
2026-01-29 14:13:39,938:   RevDEQ: 20 steps x 2 = 40 f-evals, step_size=0.0001
2026-01-29 14:13:39,938: ======================================================================
2026-01-29 14:13:39,952: 
======================================================================
2026-01-29 14:13:39,953: Running JFB
2026-01-29 14:13:39,953: ======================================================================
2026-01-29 14:13:39,960: Using pretrained base regularizer
2026-01-29 14:17:03,834: [Epoch 1] Train Loss: 1.81E+00, PSNR: 34.77
2026-01-29 14:20:06,995: [Epoch 2] Train Loss: 2.32E+00, PSNR: 35.31
2026-01-29 14:23:15,957: [Epoch 3] Train Loss: 2.76E+00, PSNR: 34.17
2026-01-29 14:24:00,667: [Epoch 3] Val Loss: 3.17E+00, PSNR: 33.51
2026-01-29 14:27:14,574: [Epoch 4] Train Loss: 2.49E+00, PSNR: 34.71
2026-01-29 14:30:19,136: [Epoch 5] Train Loss: 2.29E+00, PSNR: 34.71
2026-01-29 14:33:07,095: [Epoch 6] Train Loss: 2.09E+00, PSNR: 35.44
2026-01-29 14:33:51,743: [Epoch 6] Val Loss: 3.29E+00, PSNR: 33.41
2026-01-29 14:36:46,964: [Epoch 7] Train Loss: 1.59E+00, PSNR: 35.40
2026-01-29 14:40:04,225: [Epoch 8] Train Loss: 2.24E+00, PSNR: 34.41
2026-01-29 14:43:29,107: [Epoch 9] Train Loss: 1.90E+00, PSNR: 35.58
2026-01-29 14:44:14,393: [Epoch 9] Val Loss: 3.34E+00, PSNR: 33.36
2026-01-29 14:47:30,536: [Epoch 10] Train Loss: 2.73E+00, PSNR: 34.05
2026-01-29 14:47:30,649: 
JFB training completed in 2030.6s
2026-01-29 14:47:30,651:   Final Train Loss: 2.7291
2026-01-29 14:47:30,651:   Final Train PSNR: 34.05 dB
2026-01-29 14:47:30,651:   Final Val Loss: 3.3387
2026-01-29 14:47:30,652:   Final Val PSNR: 33.36 dB
2026-01-29 14:47:30,774:   Saved weights to weights/bilevel_CT\CRR_bilevel_JFB_for_CT_20260129_run5.pt
2026-01-29 14:47:30,774: 
======================================================================
2026-01-29 14:47:30,775: Running RevDEQ
2026-01-29 14:47:30,776: ======================================================================
2026-01-29 14:47:30,857: Using pretrained base regularizer
2026-01-29 14:48:31,542: Step 5, Train PSNR 23.146062, RevDEQ steps 20, RevDEQ err 4.723751e-03
2026-01-29 14:49:24,741: Step 10, Train PSNR 22.185542, RevDEQ steps 20, RevDEQ err 3.103738e-03
2026-01-29 14:50:19,977: Step 15, Train PSNR 22.060926, RevDEQ steps 20, RevDEQ err 5.330421e-03
2026-01-29 14:51:12,946: Step 20, Train PSNR 21.578196, RevDEQ steps 20, RevDEQ err 3.411704e-03
2026-01-29 14:51:12,948: [Epoch 1] Train Loss: 2.31E+01, PSNR: 21.58
2026-01-29 14:52:05,878: Step 5, Train PSNR 20.574827, RevDEQ steps 20, RevDEQ err 3.487941e-03
2026-01-29 14:52:56,447: Step 10, Train PSNR 21.114122, RevDEQ steps 20, RevDEQ err 3.541777e-03
2026-01-29 14:53:43,795: Step 15, Train PSNR 21.310694, RevDEQ steps 20, RevDEQ err 3.846534e-03
2026-01-29 14:54:43,279: Step 20, Train PSNR 21.365074, RevDEQ steps 20, RevDEQ err 6.061192e-03
2026-01-29 14:54:43,280: [Epoch 2] Train Loss: 2.09E+01, PSNR: 21.37
2026-01-29 14:55:41,215: Step 5, Train PSNR 19.694030, RevDEQ steps 20, RevDEQ err 4.211889e-03
2026-01-29 14:56:41,385: Step 10, Train PSNR 20.246026, RevDEQ steps 20, RevDEQ err 3.804393e-03
2026-01-29 14:57:33,865: Step 15, Train PSNR 20.401657, RevDEQ steps 20, RevDEQ err 4.123931e-03
2026-01-29 14:58:32,512: Step 20, Train PSNR 20.934066, RevDEQ steps 20, RevDEQ err 5.336998e-03
2026-01-29 14:58:32,513: [Epoch 3] Train Loss: 2.18E+01, PSNR: 20.93
2026-01-29 14:58:47,343: [Epoch 3] Val Loss: 2.33E+01, PSNR: 21.94
2026-01-29 14:59:49,884: Step 5, Train PSNR 23.526056, RevDEQ steps 20, RevDEQ err 4.389676e-03
2026-01-29 15:00:44,407: Step 10, Train PSNR 22.970168, RevDEQ steps 20, RevDEQ err 4.307903e-03
2026-01-29 15:01:58,582: Step 15, Train PSNR 23.427915, RevDEQ steps 20, RevDEQ err 4.531115e-03
2026-01-29 15:03:05,413: Step 20, Train PSNR 22.948146, RevDEQ steps 20, RevDEQ err 4.071443e-03
2026-01-29 15:03:05,415: [Epoch 4] Train Loss: 1.94E+01, PSNR: 22.95
2026-01-29 15:04:30,609: Step 5, Train PSNR 23.305664, RevDEQ steps 20, RevDEQ err 4.754819e-03
2026-01-29 15:06:09,036: Step 10, Train PSNR 23.291327, RevDEQ steps 20, RevDEQ err 4.565672e-03
2026-01-29 15:06:59,819: Step 15, Train PSNR 22.602602, RevDEQ steps 20, RevDEQ err 6.321014e-03
2026-01-29 15:07:47,548: Step 20, Train PSNR 22.140972, RevDEQ steps 20, RevDEQ err 4.562621e-03
2026-01-29 15:07:47,548: [Epoch 5] Train Loss: 2.04E+01, PSNR: 22.14
2026-01-29 15:08:36,861: Step 5, Train PSNR 24.155741, RevDEQ steps 20, RevDEQ err 4.784123e-03
2026-01-29 15:09:21,403: Step 10, Train PSNR 23.195959, RevDEQ steps 20, RevDEQ err 4.415954e-03
2026-01-29 15:10:15,550: Step 15, Train PSNR 22.672368, RevDEQ steps 20, RevDEQ err 6.491954e-03
2026-01-29 15:11:05,523: Step 20, Train PSNR 22.570695, RevDEQ steps 20, RevDEQ err 4.756866e-03
2026-01-29 15:11:05,525: [Epoch 6] Train Loss: 1.75E+01, PSNR: 22.57
2026-01-29 15:11:16,856: [Epoch 6] Val Loss: 2.07E+01, PSNR: 22.46
2026-01-29 15:12:02,438: Step 5, Train PSNR 22.790978, RevDEQ steps 20, RevDEQ err 7.422761e-03
