2026-01-15 13:25:37,019: Dataset: BSDS500_gray
2026-01-15 13:25:37,019: Train set size: 50, Val set size: 25
2026-01-15 13:25:37,019: ======================================================================
2026-01-15 13:25:37,019: HYPERGRADIENT METHOD COMPARISON
2026-01-15 13:25:37,019: ======================================================================
2026-01-15 13:25:37,019: Problem: Denoising
2026-01-15 13:25:37,019: Regularizer: CRR
2026-01-15 13:25:37,019: Epochs: 6
2026-01-15 13:25:37,019: Function evaluations per batch:
2026-01-15 13:25:37,019:   IFT: 20 steps x 1 = 20 f-evals
2026-01-15 13:25:37,026:   JFB: 20 steps x 1 = 20 f-evals
2026-01-15 13:25:37,026:   RevDEQ: 10 steps x 2 = 20 f-evals
2026-01-15 13:25:37,026: ======================================================================
2026-01-15 13:25:37,026: 
======================================================================
2026-01-15 13:25:37,026: Running IFT
2026-01-15 13:25:37,028: ======================================================================
2026-01-15 13:25:37,039: Loaded pretrained weights from weights/score_for_Denoising/CRR_score_training_for_Denoising.pt
2026-01-15 13:27:12,600: maxiter hit in iteration 5
2026-01-15 13:27:34,882: maxiter hit in iteration 6
2026-01-15 13:27:59,110: maxiter hit in iteration 7
2026-01-15 13:28:22,528: maxiter hit in iteration 8
2026-01-15 13:28:45,967: maxiter hit in iteration 9
2026-01-15 13:29:09,370: maxiter hit in iteration 10
2026-01-15 13:29:35,762: maxiter hit in iteration 11
2026-01-15 13:30:06,103: maxiter hit in iteration 12
2026-01-15 13:30:53,825: maxiter hit in iteration 13
2026-01-15 13:31:24,411: maxiter hit in iteration 14
2026-01-15 13:31:51,464: maxiter hit in iteration 15
2026-01-15 13:32:15,656: maxiter hit in iteration 16
2026-01-15 13:32:39,240: maxiter hit in iteration 17
2026-01-15 13:33:05,303: maxiter hit in iteration 18
2026-01-15 13:33:30,836: maxiter hit in iteration 19
2026-01-15 13:33:56,984: maxiter hit in iteration 20
2026-01-15 13:34:22,093: maxiter hit in iteration 21
2026-01-15 13:34:48,436: maxiter hit in iteration 22
2026-01-15 13:35:11,996: maxiter hit in iteration 23
2026-01-15 13:35:42,403: maxiter hit in iteration 24
2026-01-15 13:36:10,100: maxiter hit in iteration 25
2026-01-15 13:36:36,950: maxiter hit in iteration 26
2026-01-15 13:37:07,077: maxiter hit in iteration 27
2026-01-15 13:37:32,382: maxiter hit in iteration 28
2026-01-15 13:37:58,586: maxiter hit in iteration 29
2026-01-15 13:38:21,759: maxiter hit in iteration 30
2026-01-15 13:38:44,000: maxiter hit in iteration 31
2026-01-15 13:39:04,608: maxiter hit in iteration 32
2026-01-15 13:39:25,897: maxiter hit in iteration 33
2026-01-15 13:39:46,882: maxiter hit in iteration 34
2026-01-15 13:40:09,377: maxiter hit in iteration 35
2026-01-15 13:40:29,669: maxiter hit in iteration 36
2026-01-15 13:40:54,542: maxiter hit in iteration 37
2026-01-15 13:41:16,889: maxiter hit in iteration 38
2026-01-15 13:41:35,128: maxiter hit in iteration 39
2026-01-15 13:41:53,386: maxiter hit in iteration 40
2026-01-15 13:42:14,812: maxiter hit in iteration 41
2026-01-15 13:42:35,116: maxiter hit in iteration 42
2026-01-15 13:42:56,294: maxiter hit in iteration 43
2026-01-15 13:43:16,900: maxiter hit in iteration 44
2026-01-15 13:43:37,166: maxiter hit in iteration 45
2026-01-15 13:44:02,648: maxiter hit in iteration 46
2026-01-15 13:44:34,360: maxiter hit in iteration 47
2026-01-15 13:44:57,678: maxiter hit in iteration 48
2026-01-15 13:45:18,766: maxiter hit in iteration 49
2026-01-15 13:45:43,952: maxiter hit in iteration 50
2026-01-15 13:46:05,269: [Epoch 1] Train Loss: 1.10E+01, PSNR: 26.28
2026-01-15 13:46:05,889: maxiter hit in iteration 1
2026-01-15 13:46:28,580: maxiter hit in iteration 2
2026-01-15 13:46:51,889: maxiter hit in iteration 3
2026-01-15 13:47:14,582: maxiter hit in iteration 4
2026-01-15 13:47:37,891: maxiter hit in iteration 5
2026-01-15 13:48:00,555: maxiter hit in iteration 6
2026-01-15 13:48:21,084: maxiter hit in iteration 7
2026-01-15 13:48:44,002: maxiter hit in iteration 8
2026-01-15 13:49:15,615: maxiter hit in iteration 9
2026-01-15 13:49:41,260: maxiter hit in iteration 10
2026-01-15 13:50:03,601: maxiter hit in iteration 11
2026-01-15 13:50:25,996: maxiter hit in iteration 12
2026-01-15 13:50:48,963: maxiter hit in iteration 13
2026-01-15 13:51:16,365: maxiter hit in iteration 14
2026-01-15 13:51:43,990: maxiter hit in iteration 15
2026-01-15 13:52:09,237: maxiter hit in iteration 16
2026-01-15 13:52:35,784: maxiter hit in iteration 17
2026-01-15 13:53:05,475: maxiter hit in iteration 18
2026-01-15 13:53:31,931: maxiter hit in iteration 19
2026-01-15 13:53:59,249: maxiter hit in iteration 20
2026-01-15 13:54:25,175: maxiter hit in iteration 21
2026-01-15 13:54:50,549: maxiter hit in iteration 22
2026-01-15 13:55:18,482: maxiter hit in iteration 23
2026-01-15 13:55:51,153: maxiter hit in iteration 24
2026-01-15 13:56:18,546: maxiter hit in iteration 25
2026-01-15 13:56:46,584: maxiter hit in iteration 26
2026-01-15 13:57:16,553: maxiter hit in iteration 27
2026-01-15 13:57:41,228: maxiter hit in iteration 28
2026-01-15 13:58:05,053: maxiter hit in iteration 29
2026-01-15 13:58:28,210: maxiter hit in iteration 30
2026-01-15 13:58:50,908: maxiter hit in iteration 31
2026-01-15 13:59:14,498: maxiter hit in iteration 32
2026-01-15 13:59:40,905: maxiter hit in iteration 33
2026-01-15 14:00:06,615: maxiter hit in iteration 34
2026-01-15 14:00:33,647: maxiter hit in iteration 35
2026-01-15 14:01:13,416: maxiter hit in iteration 36
2026-01-15 14:01:39,482: maxiter hit in iteration 37
2026-01-15 14:02:05,424: maxiter hit in iteration 38
2026-01-15 14:02:33,389: maxiter hit in iteration 39
2026-01-15 14:03:01,251: maxiter hit in iteration 40
2026-01-15 14:03:31,766: maxiter hit in iteration 41
2026-01-15 14:03:56,410: maxiter hit in iteration 42
2026-01-15 14:04:21,083: maxiter hit in iteration 43
2026-01-15 14:04:44,273: maxiter hit in iteration 44
2026-01-15 14:05:07,180: maxiter hit in iteration 45
2026-01-15 14:05:32,165: maxiter hit in iteration 46
2026-01-15 14:05:53,425: maxiter hit in iteration 47
2026-01-15 14:06:15,994: maxiter hit in iteration 48
2026-01-15 14:06:38,696: maxiter hit in iteration 49
2026-01-15 14:07:02,109: maxiter hit in iteration 50
2026-01-15 14:07:25,208: [Epoch 2] Train Loss: 1.00E+01, PSNR: 26.67
2026-01-15 14:07:26,004: maxiter hit in iteration 1
2026-01-15 14:07:51,400: maxiter hit in iteration 2
2026-01-15 14:08:11,115: maxiter hit in iteration 3
2026-01-15 14:08:29,508: maxiter hit in iteration 4
2026-01-15 14:08:47,978: maxiter hit in iteration 5
2026-01-15 14:09:06,560: maxiter hit in iteration 6
2026-01-15 14:09:27,788: maxiter hit in iteration 7
2026-01-15 14:09:47,674: maxiter hit in iteration 8
2026-01-15 14:10:06,622: maxiter hit in iteration 9
2026-01-15 14:10:24,951: maxiter hit in iteration 10
2026-01-15 14:10:44,632: maxiter hit in iteration 11
2026-01-15 14:11:05,029: maxiter hit in iteration 12
2026-01-15 14:11:24,008: maxiter hit in iteration 13
2026-01-15 14:11:43,912: maxiter hit in iteration 14
2026-01-15 14:12:04,469: maxiter hit in iteration 15
2026-01-15 14:12:25,987: maxiter hit in iteration 16
2026-01-15 14:12:46,111: maxiter hit in iteration 17
2026-01-15 14:13:06,392: maxiter hit in iteration 18
2026-01-15 14:13:25,399: maxiter hit in iteration 19
2026-01-15 14:13:44,748: maxiter hit in iteration 20
2026-01-15 14:14:04,422: maxiter hit in iteration 21
2026-01-15 14:14:23,719: maxiter hit in iteration 22
2026-01-15 14:14:43,130: maxiter hit in iteration 23
2026-01-15 14:15:03,414: maxiter hit in iteration 24
2026-01-15 14:15:26,310: maxiter hit in iteration 25
2026-01-15 14:15:48,078: maxiter hit in iteration 26
2026-01-15 14:16:10,153: maxiter hit in iteration 27
2026-01-15 14:16:31,819: maxiter hit in iteration 28
2026-01-15 14:16:52,077: maxiter hit in iteration 29
2026-01-15 14:17:13,005: maxiter hit in iteration 30
2026-01-15 14:17:32,287: maxiter hit in iteration 31
2026-01-15 14:17:52,077: maxiter hit in iteration 32
2026-01-15 14:18:12,202: maxiter hit in iteration 33
2026-01-15 14:18:31,479: maxiter hit in iteration 34
2026-01-15 14:18:51,083: maxiter hit in iteration 35
2026-01-15 14:19:10,884: maxiter hit in iteration 36
2026-01-15 14:19:32,021: maxiter hit in iteration 37
2026-01-15 14:19:51,653: maxiter hit in iteration 38
2026-01-15 14:20:27,208: maxiter hit in iteration 39
2026-01-15 14:20:48,152: maxiter hit in iteration 40
2026-01-15 14:21:08,780: maxiter hit in iteration 41
2026-01-15 14:21:30,110: maxiter hit in iteration 42
2026-01-15 14:21:50,239: maxiter hit in iteration 43
2026-01-15 14:22:10,093: maxiter hit in iteration 44
2026-01-15 14:22:29,905: maxiter hit in iteration 45
2026-01-15 14:22:49,587: maxiter hit in iteration 46
2026-01-15 14:23:14,832: maxiter hit in iteration 47
2026-01-15 14:23:35,385: maxiter hit in iteration 48
2026-01-15 14:23:54,829: maxiter hit in iteration 49
2026-01-15 14:24:14,481: maxiter hit in iteration 50
2026-01-15 14:24:33,415: [Epoch 3] Train Loss: 9.40E+00, PSNR: 27.13
2026-01-15 14:24:34,068: maxiter hit in iteration 1
2026-01-15 14:24:54,456: maxiter hit in iteration 2
2026-01-15 14:25:14,329: maxiter hit in iteration 3
2026-01-15 14:25:35,848: maxiter hit in iteration 4
2026-01-15 14:25:58,743: maxiter hit in iteration 5
2026-01-15 14:26:24,729: maxiter hit in iteration 6
2026-01-15 14:26:44,868: maxiter hit in iteration 7
2026-01-15 14:27:05,286: maxiter hit in iteration 8
2026-01-15 14:27:26,090: maxiter hit in iteration 9
2026-01-15 14:27:46,504: maxiter hit in iteration 10
2026-01-15 14:28:07,356: maxiter hit in iteration 11
2026-01-15 14:28:27,835: maxiter hit in iteration 12
2026-01-15 14:28:47,864: maxiter hit in iteration 13
2026-01-15 14:29:07,277: maxiter hit in iteration 14
2026-01-15 14:29:28,264: maxiter hit in iteration 15
2026-01-15 14:29:47,828: maxiter hit in iteration 16
2026-01-15 14:30:07,060: maxiter hit in iteration 17
2026-01-15 14:30:26,772: maxiter hit in iteration 18
2026-01-15 14:30:46,865: maxiter hit in iteration 19
2026-01-15 14:31:06,287: maxiter hit in iteration 20
2026-01-15 14:31:26,877: maxiter hit in iteration 21
2026-01-15 14:31:47,209: maxiter hit in iteration 22
2026-01-15 14:32:07,032: maxiter hit in iteration 23
2026-01-15 14:32:27,272: maxiter hit in iteration 24
2026-01-15 14:32:47,275: maxiter hit in iteration 25
2026-01-15 14:33:07,158: maxiter hit in iteration 26
2026-01-15 14:33:26,910: maxiter hit in iteration 27
2026-01-15 14:33:46,360: maxiter hit in iteration 28
2026-01-15 14:34:06,103: maxiter hit in iteration 29
2026-01-15 14:34:25,315: maxiter hit in iteration 30
2026-01-15 14:34:46,067: maxiter hit in iteration 31
2026-01-15 14:35:06,210: maxiter hit in iteration 32
2026-01-15 14:35:26,958: maxiter hit in iteration 33
2026-01-15 14:35:47,576: maxiter hit in iteration 34
2026-01-15 14:36:07,454: maxiter hit in iteration 35
2026-01-15 14:36:27,162: maxiter hit in iteration 36
2026-01-15 14:36:47,298: maxiter hit in iteration 37
2026-01-15 14:37:08,527: maxiter hit in iteration 38
2026-01-15 14:37:28,569: maxiter hit in iteration 39
2026-01-15 14:37:48,912: maxiter hit in iteration 40
2026-01-15 14:38:08,492: maxiter hit in iteration 41
2026-01-15 14:38:27,646: maxiter hit in iteration 42
2026-01-15 14:38:47,444: maxiter hit in iteration 43
2026-01-15 14:39:07,065: maxiter hit in iteration 44
2026-01-15 14:39:26,912: maxiter hit in iteration 45
2026-01-15 14:39:46,409: maxiter hit in iteration 46
2026-01-15 14:40:06,042: maxiter hit in iteration 47
2026-01-15 14:40:25,292: maxiter hit in iteration 48
2026-01-15 14:40:44,862: maxiter hit in iteration 49
2026-01-15 14:41:04,523: maxiter hit in iteration 50
2026-01-15 14:41:24,212: [Epoch 4] Train Loss: 9.49E+00, PSNR: 27.05
2026-01-15 14:41:25,000: maxiter hit in iteration 1
2026-01-15 14:41:45,835: maxiter hit in iteration 2
2026-01-15 14:42:05,341: maxiter hit in iteration 3
2026-01-15 14:42:24,676: maxiter hit in iteration 4
2026-01-15 14:42:43,896: maxiter hit in iteration 5
2026-01-15 14:43:03,719: maxiter hit in iteration 6
2026-01-15 14:43:24,048: maxiter hit in iteration 7
2026-01-15 14:43:43,577: maxiter hit in iteration 8
2026-01-15 14:44:03,114: maxiter hit in iteration 9
2026-01-15 14:44:22,880: maxiter hit in iteration 10
2026-01-15 14:44:42,155: maxiter hit in iteration 11
2026-01-15 14:45:01,848: maxiter hit in iteration 12
2026-01-15 14:45:23,258: maxiter hit in iteration 13
2026-01-15 14:45:42,785: maxiter hit in iteration 14
2026-01-15 14:46:02,394: maxiter hit in iteration 15
2026-01-15 14:46:21,968: maxiter hit in iteration 16
2026-01-15 14:46:41,588: maxiter hit in iteration 17
2026-01-15 14:47:02,245: maxiter hit in iteration 18
2026-01-15 14:47:22,599: maxiter hit in iteration 19
2026-01-15 14:47:41,782: maxiter hit in iteration 20
2026-01-15 14:48:02,328: maxiter hit in iteration 21
2026-01-15 14:48:22,068: maxiter hit in iteration 22
2026-01-15 14:48:41,397: maxiter hit in iteration 23
2026-01-15 14:49:01,607: maxiter hit in iteration 24
2026-01-15 14:49:21,338: maxiter hit in iteration 25
2026-01-15 14:49:41,412: maxiter hit in iteration 26
2026-01-15 14:50:00,873: maxiter hit in iteration 27
2026-01-15 14:50:21,948: maxiter hit in iteration 28
2026-01-15 14:50:41,358: maxiter hit in iteration 29
2026-01-15 14:51:00,691: maxiter hit in iteration 30
2026-01-15 14:51:20,181: maxiter hit in iteration 31
2026-01-15 14:51:40,101: maxiter hit in iteration 32
2026-01-15 14:52:00,386: maxiter hit in iteration 33
2026-01-15 14:52:20,272: maxiter hit in iteration 34
2026-01-15 14:52:41,060: maxiter hit in iteration 35
2026-01-15 14:53:00,191: maxiter hit in iteration 36
2026-01-15 14:53:20,297: maxiter hit in iteration 37
2026-01-15 14:53:39,599: maxiter hit in iteration 38
2026-01-15 14:53:58,684: maxiter hit in iteration 39
2026-01-15 14:54:18,492: maxiter hit in iteration 40
2026-01-15 14:54:38,128: maxiter hit in iteration 41
2026-01-15 14:54:57,102: maxiter hit in iteration 42
2026-01-15 14:55:16,647: maxiter hit in iteration 43
2026-01-15 14:55:39,015: maxiter hit in iteration 44
2026-01-15 14:55:58,076: maxiter hit in iteration 45
2026-01-15 14:56:18,197: maxiter hit in iteration 46
2026-01-15 14:56:38,074: maxiter hit in iteration 47
2026-01-15 14:56:58,002: maxiter hit in iteration 48
2026-01-15 14:57:18,387: maxiter hit in iteration 49
2026-01-15 14:57:38,056: maxiter hit in iteration 50
2026-01-15 14:57:56,809: [Epoch 5] Train Loss: 8.17E+00, PSNR: 27.80
2026-01-15 14:58:12,275: [Epoch 5] Val Loss: 9.21E+00, PSNR: 27.16
2026-01-15 14:58:13,002: maxiter hit in iteration 1
2026-01-15 14:58:32,880: maxiter hit in iteration 2
2026-01-15 14:58:52,714: maxiter hit in iteration 3
2026-01-15 14:59:12,587: maxiter hit in iteration 4
2026-01-15 14:59:33,597: maxiter hit in iteration 5
2026-01-15 14:59:53,067: maxiter hit in iteration 6
2026-01-15 15:00:12,474: maxiter hit in iteration 7
2026-01-15 15:00:32,530: maxiter hit in iteration 8
2026-01-15 15:00:52,758: maxiter hit in iteration 9
2026-01-15 15:01:12,006: maxiter hit in iteration 10
2026-01-15 15:01:31,871: maxiter hit in iteration 11
2026-01-15 15:01:53,514: maxiter hit in iteration 12
2026-01-15 15:02:15,879: maxiter hit in iteration 13
2026-01-15 15:02:35,740: maxiter hit in iteration 14
2026-01-15 15:02:55,675: maxiter hit in iteration 15
2026-01-15 15:03:15,113: maxiter hit in iteration 16
2026-01-15 15:03:34,193: maxiter hit in iteration 17
2026-01-15 15:03:54,141: maxiter hit in iteration 18
2026-01-15 15:04:13,384: maxiter hit in iteration 19
2026-01-15 15:04:32,742: maxiter hit in iteration 20
2026-01-15 15:04:52,630: maxiter hit in iteration 21
2026-01-15 15:05:13,340: maxiter hit in iteration 22
2026-01-15 15:05:34,705: maxiter hit in iteration 23
2026-01-15 15:05:54,356: maxiter hit in iteration 24
2026-01-15 15:06:13,816: maxiter hit in iteration 25
2026-01-15 15:06:33,165: maxiter hit in iteration 26
2026-01-15 15:06:54,913: maxiter hit in iteration 27
2026-01-15 15:07:15,559: maxiter hit in iteration 28
2026-01-15 15:07:34,896: maxiter hit in iteration 29
2026-01-15 15:07:54,364: maxiter hit in iteration 30
2026-01-15 15:08:15,710: maxiter hit in iteration 31
2026-01-15 15:08:37,533: maxiter hit in iteration 32
2026-01-15 15:08:56,911: maxiter hit in iteration 33
2026-01-15 15:09:17,664: maxiter hit in iteration 34
2026-01-15 15:09:38,019: maxiter hit in iteration 35
2026-01-15 15:09:57,330: maxiter hit in iteration 36
2026-01-15 15:10:16,693: maxiter hit in iteration 37
2026-01-15 15:10:37,274: maxiter hit in iteration 38
2026-01-15 15:10:57,268: maxiter hit in iteration 39
2026-01-15 15:11:17,699: maxiter hit in iteration 40
2026-01-15 15:11:37,393: maxiter hit in iteration 41
2026-01-15 15:11:57,807: maxiter hit in iteration 42
2026-01-15 15:12:18,080: maxiter hit in iteration 43
2026-01-15 15:12:37,572: maxiter hit in iteration 44
2026-01-15 15:12:56,850: maxiter hit in iteration 45
2026-01-15 15:13:16,715: maxiter hit in iteration 46
2026-01-15 15:13:35,603: maxiter hit in iteration 47
2026-01-15 15:13:54,555: maxiter hit in iteration 48
2026-01-15 15:14:14,659: maxiter hit in iteration 49
2026-01-15 15:14:34,011: maxiter hit in iteration 50
2026-01-15 15:14:52,846: [Epoch 6] Train Loss: 7.97E+00, PSNR: 27.86
2026-01-15 15:14:52,882: 
IFT completed in 6555.8s
2026-01-15 15:14:52,882:   Final Train Loss: 7.9651
2026-01-15 15:14:52,882:   Final Train PSNR: 27.86 dB
2026-01-15 15:14:52,884:   Final Val Loss: 9.2103
2026-01-15 15:14:52,884:   Final Val PSNR: 27.16 dB
2026-01-15 15:14:52,886: 
======================================================================
2026-01-15 15:14:52,886: Running JFB
2026-01-15 15:14:52,887: ======================================================================
2026-01-15 15:14:52,967: Loaded pretrained weights from weights/score_for_Denoising/CRR_score_training_for_Denoising.pt
2026-01-15 15:14:55,952: maxiter hit in iteration 6
2026-01-15 15:14:56,776: maxiter hit in iteration 7
2026-01-15 15:14:57,555: maxiter hit in iteration 8
2026-01-15 15:14:58,295: maxiter hit in iteration 9
2026-01-15 15:14:59,062: maxiter hit in iteration 10
2026-01-15 15:14:59,870: maxiter hit in iteration 11
2026-01-15 15:15:00,688: maxiter hit in iteration 12
2026-01-15 15:15:01,592: maxiter hit in iteration 13
2026-01-15 15:15:02,674: maxiter hit in iteration 14
2026-01-15 15:15:03,629: maxiter hit in iteration 15
2026-01-15 15:15:04,650: maxiter hit in iteration 16
2026-01-15 15:15:05,358: maxiter hit in iteration 17
2026-01-15 15:15:06,126: maxiter hit in iteration 18
2026-01-15 15:15:06,838: maxiter hit in iteration 19
2026-01-15 15:15:07,561: maxiter hit in iteration 20
2026-01-15 15:15:08,305: maxiter hit in iteration 21
2026-01-15 15:15:09,103: maxiter hit in iteration 22
2026-01-15 15:15:09,909: maxiter hit in iteration 23
2026-01-15 15:15:10,792: maxiter hit in iteration 24
2026-01-15 15:15:11,582: maxiter hit in iteration 25
2026-01-15 15:15:12,396: maxiter hit in iteration 26
2026-01-15 15:15:13,128: maxiter hit in iteration 27
2026-01-15 15:15:13,784: maxiter hit in iteration 28
2026-01-15 15:15:14,485: maxiter hit in iteration 29
2026-01-15 15:15:15,140: maxiter hit in iteration 30
2026-01-15 15:15:15,809: maxiter hit in iteration 31
2026-01-15 15:15:16,458: maxiter hit in iteration 32
2026-01-15 15:15:17,153: maxiter hit in iteration 33
2026-01-15 15:15:17,821: maxiter hit in iteration 34
2026-01-15 15:15:18,548: maxiter hit in iteration 35
2026-01-15 15:15:20,945: maxiter hit in iteration 36
2026-01-15 15:15:23,086: maxiter hit in iteration 37
2026-01-15 15:15:23,947: maxiter hit in iteration 38
2026-01-15 15:15:24,682: maxiter hit in iteration 39
2026-01-15 15:15:25,338: maxiter hit in iteration 40
2026-01-15 15:15:26,045: maxiter hit in iteration 41
2026-01-15 15:15:26,904: maxiter hit in iteration 42
2026-01-15 15:15:27,647: maxiter hit in iteration 43
2026-01-15 15:15:28,528: maxiter hit in iteration 44
2026-01-15 15:15:29,253: maxiter hit in iteration 45
2026-01-15 15:15:29,914: maxiter hit in iteration 46
2026-01-15 15:15:30,606: maxiter hit in iteration 47
2026-01-15 15:15:31,279: maxiter hit in iteration 48
2026-01-15 15:15:31,948: maxiter hit in iteration 49
2026-01-15 15:15:32,655: maxiter hit in iteration 50
2026-01-15 15:15:32,699: [Epoch 1] Train Loss: 1.08E+01, PSNR: 26.46
2026-01-15 15:15:33,346: maxiter hit in iteration 1
2026-01-15 15:15:34,038: maxiter hit in iteration 2
2026-01-15 15:15:34,812: maxiter hit in iteration 3
2026-01-15 15:15:35,488: maxiter hit in iteration 4
2026-01-15 15:15:36,140: maxiter hit in iteration 5
2026-01-15 15:15:36,855: maxiter hit in iteration 6
2026-01-15 15:15:37,538: maxiter hit in iteration 7
2026-01-15 15:15:38,750: maxiter hit in iteration 8
2026-01-15 15:15:39,512: maxiter hit in iteration 9
2026-01-15 15:15:40,171: maxiter hit in iteration 10
2026-01-15 15:15:40,859: maxiter hit in iteration 11
2026-01-15 15:15:41,540: maxiter hit in iteration 12
2026-01-15 15:15:42,192: maxiter hit in iteration 13
2026-01-15 15:15:42,835: maxiter hit in iteration 14
2026-01-15 15:15:43,538: maxiter hit in iteration 15
2026-01-15 15:15:44,208: maxiter hit in iteration 16
2026-01-15 15:15:44,873: maxiter hit in iteration 17
2026-01-15 15:15:45,560: maxiter hit in iteration 18
2026-01-15 15:15:46,221: maxiter hit in iteration 19
2026-01-15 15:15:46,875: maxiter hit in iteration 20
2026-01-15 15:15:47,540: maxiter hit in iteration 21
2026-01-15 15:15:48,267: maxiter hit in iteration 22
2026-01-15 15:15:48,925: maxiter hit in iteration 23
2026-01-15 15:15:49,655: maxiter hit in iteration 24
2026-01-15 15:15:50,319: maxiter hit in iteration 25
2026-01-15 15:15:50,972: maxiter hit in iteration 26
2026-01-15 15:15:51,662: maxiter hit in iteration 27
2026-01-15 15:15:52,776: maxiter hit in iteration 28
2026-01-15 15:15:53,658: maxiter hit in iteration 29
2026-01-15 15:15:54,522: maxiter hit in iteration 30
2026-01-15 15:15:55,321: maxiter hit in iteration 31
2026-01-15 15:15:56,144: maxiter hit in iteration 32
2026-01-15 15:15:57,030: maxiter hit in iteration 33
2026-01-15 15:15:58,280: maxiter hit in iteration 34
2026-01-15 15:15:59,277: maxiter hit in iteration 35
2026-01-15 15:16:00,058: maxiter hit in iteration 36
2026-01-15 15:16:00,845: maxiter hit in iteration 37
2026-01-15 15:16:01,862: maxiter hit in iteration 38
2026-01-15 15:16:02,673: maxiter hit in iteration 39
2026-01-15 15:16:03,472: maxiter hit in iteration 40
2026-01-15 15:16:04,287: maxiter hit in iteration 41
2026-01-15 15:16:05,517: maxiter hit in iteration 42
2026-01-15 15:16:06,410: maxiter hit in iteration 43
2026-01-15 15:16:07,329: maxiter hit in iteration 44
2026-01-15 15:16:08,253: maxiter hit in iteration 45
2026-01-15 15:16:09,058: maxiter hit in iteration 46
2026-01-15 15:16:09,863: maxiter hit in iteration 47
2026-01-15 15:16:10,611: maxiter hit in iteration 48
2026-01-15 15:16:11,374: maxiter hit in iteration 49
2026-01-15 15:16:12,130: maxiter hit in iteration 50
2026-01-15 15:16:12,181: [Epoch 2] Train Loss: 8.15E+00, PSNR: 27.53
2026-01-15 15:16:12,872: maxiter hit in iteration 1
2026-01-15 15:16:13,617: maxiter hit in iteration 2
2026-01-15 15:16:14,410: maxiter hit in iteration 3
2026-01-15 15:16:15,136: maxiter hit in iteration 4
2026-01-15 15:16:15,912: maxiter hit in iteration 5
2026-01-15 15:16:16,666: maxiter hit in iteration 6
2026-01-15 15:16:17,448: maxiter hit in iteration 7
2026-01-15 15:16:18,189: maxiter hit in iteration 8
2026-01-15 15:16:18,960: maxiter hit in iteration 9
2026-01-15 15:16:19,707: maxiter hit in iteration 10
2026-01-15 15:16:20,489: maxiter hit in iteration 11
2026-01-15 15:16:21,345: maxiter hit in iteration 12
2026-01-15 15:16:22,531: maxiter hit in iteration 13
2026-01-15 15:16:23,473: maxiter hit in iteration 14
2026-01-15 15:16:24,260: maxiter hit in iteration 15
2026-01-15 15:16:25,068: maxiter hit in iteration 16
2026-01-15 15:16:25,794: maxiter hit in iteration 17
2026-01-15 15:16:26,528: maxiter hit in iteration 18
2026-01-15 15:16:27,299: maxiter hit in iteration 19
2026-01-15 15:16:28,076: maxiter hit in iteration 20
2026-01-15 15:16:28,901: maxiter hit in iteration 21
2026-01-15 15:16:29,692: maxiter hit in iteration 22
2026-01-15 15:16:30,410: maxiter hit in iteration 23
2026-01-15 15:16:31,133: maxiter hit in iteration 24
2026-01-15 15:16:32,108: maxiter hit in iteration 25
2026-01-15 15:16:32,812: maxiter hit in iteration 26
2026-01-15 15:16:33,611: maxiter hit in iteration 27
2026-01-15 15:16:34,371: maxiter hit in iteration 28
2026-01-15 15:16:35,098: maxiter hit in iteration 29
2026-01-15 15:16:35,831: maxiter hit in iteration 30
2026-01-15 15:16:36,600: maxiter hit in iteration 31
2026-01-15 15:16:37,349: maxiter hit in iteration 32
2026-01-15 15:16:38,131: maxiter hit in iteration 33
2026-01-15 15:16:38,886: maxiter hit in iteration 34
2026-01-15 15:16:39,805: maxiter hit in iteration 35
2026-01-15 15:16:40,701: maxiter hit in iteration 36
2026-01-15 15:16:41,542: maxiter hit in iteration 37
2026-01-15 15:16:42,836: maxiter hit in iteration 38
2026-01-15 15:16:43,594: maxiter hit in iteration 39
2026-01-15 15:16:44,335: maxiter hit in iteration 40
2026-01-15 15:16:45,072: maxiter hit in iteration 41
2026-01-15 15:16:45,807: maxiter hit in iteration 42
2026-01-15 15:16:46,546: maxiter hit in iteration 43
2026-01-15 15:16:47,272: maxiter hit in iteration 44
2026-01-15 15:16:47,962: maxiter hit in iteration 45
2026-01-15 15:16:48,678: maxiter hit in iteration 46
2026-01-15 15:16:49,666: maxiter hit in iteration 47
2026-01-15 15:16:50,385: maxiter hit in iteration 48
2026-01-15 15:16:51,138: maxiter hit in iteration 49
2026-01-15 15:16:51,855: maxiter hit in iteration 50
2026-01-15 15:16:51,904: [Epoch 3] Train Loss: 8.66E+00, PSNR: 27.79
2026-01-15 15:16:52,590: maxiter hit in iteration 1
2026-01-15 15:16:53,294: maxiter hit in iteration 2
2026-01-15 15:16:54,136: maxiter hit in iteration 3
2026-01-15 15:16:54,880: maxiter hit in iteration 4
2026-01-15 15:16:55,648: maxiter hit in iteration 5
2026-01-15 15:16:56,372: maxiter hit in iteration 6
2026-01-15 15:16:57,119: maxiter hit in iteration 7
2026-01-15 15:16:57,863: maxiter hit in iteration 8
2026-01-15 15:16:58,649: maxiter hit in iteration 9
2026-01-15 15:16:59,403: maxiter hit in iteration 10
2026-01-15 15:17:00,184: maxiter hit in iteration 11
2026-01-15 15:17:01,081: maxiter hit in iteration 12
2026-01-15 15:17:01,870: maxiter hit in iteration 13
2026-01-15 15:17:02,690: maxiter hit in iteration 14
2026-01-15 15:17:03,649: maxiter hit in iteration 15
2026-01-15 15:17:04,802: maxiter hit in iteration 16
2026-01-15 15:17:05,623: maxiter hit in iteration 17
2026-01-15 15:17:06,382: maxiter hit in iteration 18
2026-01-15 15:17:07,187: maxiter hit in iteration 19
2026-01-15 15:17:08,040: maxiter hit in iteration 20
2026-01-15 15:17:09,005: maxiter hit in iteration 21
2026-01-15 15:17:09,811: maxiter hit in iteration 22
2026-01-15 15:17:10,567: maxiter hit in iteration 23
2026-01-15 15:17:11,355: maxiter hit in iteration 24
2026-01-15 15:17:12,080: maxiter hit in iteration 25
2026-01-15 15:17:12,842: maxiter hit in iteration 26
2026-01-15 15:17:13,794: maxiter hit in iteration 27
2026-01-15 15:17:14,527: maxiter hit in iteration 28
2026-01-15 15:17:15,280: maxiter hit in iteration 29
2026-01-15 15:17:16,056: maxiter hit in iteration 30
2026-01-15 15:17:16,795: maxiter hit in iteration 31
2026-01-15 15:17:17,569: maxiter hit in iteration 32
2026-01-15 15:17:18,300: maxiter hit in iteration 33
2026-01-15 15:17:19,029: maxiter hit in iteration 34
2026-01-15 15:17:19,785: maxiter hit in iteration 35
2026-01-15 15:17:20,541: maxiter hit in iteration 36
2026-01-15 15:17:21,301: maxiter hit in iteration 37
2026-01-15 15:17:22,199: maxiter hit in iteration 38
2026-01-15 15:17:23,087: maxiter hit in iteration 39
2026-01-15 15:17:23,968: maxiter hit in iteration 40
2026-01-15 15:17:25,284: maxiter hit in iteration 41
2026-01-15 15:17:26,240: maxiter hit in iteration 42
2026-01-15 15:17:27,316: maxiter hit in iteration 43
2026-01-15 15:17:28,077: maxiter hit in iteration 44
2026-01-15 15:17:28,891: maxiter hit in iteration 45
2026-01-15 15:17:29,704: maxiter hit in iteration 46
2026-01-15 15:17:30,506: maxiter hit in iteration 47
2026-01-15 15:17:31,290: maxiter hit in iteration 48
2026-01-15 15:17:32,045: maxiter hit in iteration 49
2026-01-15 15:17:32,821: maxiter hit in iteration 50
2026-01-15 15:17:32,870: [Epoch 4] Train Loss: 9.30E+00, PSNR: 27.20
2026-01-15 15:17:33,651: maxiter hit in iteration 1
2026-01-15 15:17:34,634: maxiter hit in iteration 2
2026-01-15 15:17:35,420: maxiter hit in iteration 3
2026-01-15 15:17:36,170: maxiter hit in iteration 4
2026-01-15 15:17:36,905: maxiter hit in iteration 5
2026-01-15 15:17:37,758: maxiter hit in iteration 6
2026-01-15 15:17:38,639: maxiter hit in iteration 7
2026-01-15 15:17:39,992: maxiter hit in iteration 8
2026-01-15 15:17:40,890: maxiter hit in iteration 9
2026-01-15 15:17:41,749: maxiter hit in iteration 10
2026-01-15 15:17:42,675: maxiter hit in iteration 11
2026-01-15 15:17:43,502: maxiter hit in iteration 12
2026-01-15 15:17:44,473: maxiter hit in iteration 13
2026-01-15 15:17:45,320: maxiter hit in iteration 14
2026-01-15 15:17:46,162: maxiter hit in iteration 15
2026-01-15 15:17:47,078: maxiter hit in iteration 16
2026-01-15 15:17:47,897: maxiter hit in iteration 17
2026-01-15 15:17:48,821: maxiter hit in iteration 18
2026-01-15 15:17:49,665: maxiter hit in iteration 19
2026-01-15 15:17:50,771: maxiter hit in iteration 20
2026-01-15 15:17:51,659: maxiter hit in iteration 21
2026-01-15 15:17:52,632: maxiter hit in iteration 22
2026-01-15 15:17:53,552: maxiter hit in iteration 23
2026-01-15 15:17:54,470: maxiter hit in iteration 24
2026-01-15 15:17:55,433: maxiter hit in iteration 25
2026-01-15 15:17:56,319: maxiter hit in iteration 26
2026-01-15 15:17:57,299: maxiter hit in iteration 27
2026-01-15 15:17:58,200: maxiter hit in iteration 28
2026-01-15 15:17:59,052: maxiter hit in iteration 29
2026-01-15 15:17:59,975: maxiter hit in iteration 30
2026-01-15 15:18:00,861: maxiter hit in iteration 31
2026-01-15 15:18:01,804: maxiter hit in iteration 32
2026-01-15 15:18:02,661: maxiter hit in iteration 33
2026-01-15 15:18:03,562: maxiter hit in iteration 34
2026-01-15 15:18:04,555: maxiter hit in iteration 35
2026-01-15 15:18:05,387: maxiter hit in iteration 36
2026-01-15 15:18:06,335: maxiter hit in iteration 37
2026-01-15 15:18:07,204: maxiter hit in iteration 38
2026-01-15 15:18:08,056: maxiter hit in iteration 39
2026-01-15 15:18:08,986: maxiter hit in iteration 40
2026-01-15 15:18:09,960: maxiter hit in iteration 41
2026-01-15 15:18:11,076: maxiter hit in iteration 42
2026-01-15 15:18:12,159: maxiter hit in iteration 43
2026-01-15 15:18:13,143: maxiter hit in iteration 44
2026-01-15 15:18:14,027: maxiter hit in iteration 45
2026-01-15 15:18:14,947: maxiter hit in iteration 46
2026-01-15 15:18:15,771: maxiter hit in iteration 47
2026-01-15 15:18:16,619: maxiter hit in iteration 48
2026-01-15 15:18:17,494: maxiter hit in iteration 49
2026-01-15 15:18:18,350: maxiter hit in iteration 50
2026-01-15 15:18:18,406: [Epoch 5] Train Loss: 8.48E+00, PSNR: 27.62
2026-01-15 15:18:37,362: [Epoch 5] Val Loss: 9.30E+00, PSNR: 27.09
2026-01-15 15:18:38,047: maxiter hit in iteration 1
2026-01-15 15:18:38,790: maxiter hit in iteration 2
2026-01-15 15:18:39,628: maxiter hit in iteration 3
2026-01-15 15:18:40,365: maxiter hit in iteration 4
2026-01-15 15:18:41,118: maxiter hit in iteration 5
2026-01-15 15:18:41,977: maxiter hit in iteration 6
2026-01-15 15:18:42,709: maxiter hit in iteration 7
2026-01-15 15:18:43,526: maxiter hit in iteration 8
2026-01-15 15:18:44,473: maxiter hit in iteration 9
2026-01-15 15:18:45,798: maxiter hit in iteration 10
2026-01-15 15:18:46,950: maxiter hit in iteration 11
2026-01-15 15:18:47,684: maxiter hit in iteration 12
2026-01-15 15:18:48,459: maxiter hit in iteration 13
2026-01-15 15:18:49,185: maxiter hit in iteration 14
2026-01-15 15:18:49,954: maxiter hit in iteration 15
2026-01-15 15:18:50,722: maxiter hit in iteration 16
2026-01-15 15:18:51,459: maxiter hit in iteration 17
2026-01-15 15:18:52,184: maxiter hit in iteration 18
2026-01-15 15:18:52,957: maxiter hit in iteration 19
2026-01-15 15:18:53,964: maxiter hit in iteration 20
2026-01-15 15:18:54,811: maxiter hit in iteration 21
2026-01-15 15:18:55,603: maxiter hit in iteration 22
2026-01-15 15:18:56,332: maxiter hit in iteration 23
2026-01-15 15:18:57,229: maxiter hit in iteration 24
2026-01-15 15:18:57,992: maxiter hit in iteration 25
2026-01-15 15:18:58,739: maxiter hit in iteration 26
2026-01-15 15:18:59,527: maxiter hit in iteration 27
2026-01-15 15:19:00,256: maxiter hit in iteration 28
2026-01-15 15:19:00,998: maxiter hit in iteration 29
2026-01-15 15:19:01,795: maxiter hit in iteration 30
2026-01-15 15:19:02,534: maxiter hit in iteration 31
2026-01-15 15:19:03,284: maxiter hit in iteration 32
2026-01-15 15:19:04,031: maxiter hit in iteration 33
2026-01-15 15:19:04,784: maxiter hit in iteration 34
2026-01-15 15:19:05,743: maxiter hit in iteration 35
2026-01-15 15:19:06,683: maxiter hit in iteration 36
2026-01-15 15:19:07,526: maxiter hit in iteration 37
2026-01-15 15:19:08,332: maxiter hit in iteration 38
2026-01-15 15:19:09,042: maxiter hit in iteration 39
2026-01-15 15:19:09,764: maxiter hit in iteration 40
2026-01-15 15:19:10,547: maxiter hit in iteration 41
2026-01-15 15:19:11,285: maxiter hit in iteration 42
2026-01-15 15:19:12,019: maxiter hit in iteration 43
2026-01-15 15:19:12,814: maxiter hit in iteration 44
2026-01-15 15:19:13,631: maxiter hit in iteration 45
2026-01-15 15:19:14,638: maxiter hit in iteration 46
2026-01-15 15:19:15,503: maxiter hit in iteration 47
2026-01-15 15:19:16,247: maxiter hit in iteration 48
2026-01-15 15:19:17,014: maxiter hit in iteration 49
2026-01-15 15:19:17,726: maxiter hit in iteration 50
2026-01-15 15:19:17,778: [Epoch 6] Train Loss: 8.77E+00, PSNR: 27.59
2026-01-15 15:19:17,778: 
JFB completed in 264.8s
2026-01-15 15:19:17,778:   Final Train Loss: 8.7713
2026-01-15 15:19:17,780:   Final Train PSNR: 27.59 dB
2026-01-15 15:19:17,780:   Final Val Loss: 9.2966
2026-01-15 15:19:17,780:   Final Val PSNR: 27.09 dB
2026-01-15 15:19:17,780: 
======================================================================
2026-01-15 15:19:17,780: Running RevDEQ
2026-01-15 15:19:17,782: ======================================================================
2026-01-15 15:19:17,796: Loaded pretrained weights from weights/score_for_Denoising/CRR_score_training_for_Denoising.pt
2026-01-15 15:19:18,109: maxiter hit in iteration 1
2026-01-15 15:19:19,227: maxiter hit in iteration 2
2026-01-15 15:19:20,582: maxiter hit in iteration 3
2026-01-15 15:19:21,921: maxiter hit in iteration 4
2026-01-15 15:19:23,235: maxiter hit in iteration 5
2026-01-15 15:19:24,175: Step 5, Train PSNR 21.942146, RevDEQ steps 10, RevDEQ err 2.474049e-03
2026-01-15 15:19:24,505: maxiter hit in iteration 6
2026-01-15 15:19:25,791: maxiter hit in iteration 7
2026-01-15 15:19:26,993: maxiter hit in iteration 8
2026-01-15 15:19:28,287: maxiter hit in iteration 9
2026-01-15 15:19:29,689: maxiter hit in iteration 10
2026-01-15 15:19:30,746: Step 10, Train PSNR 23.771658, RevDEQ steps 10, RevDEQ err 3.163784e-03
2026-01-15 15:19:31,152: maxiter hit in iteration 11
2026-01-15 15:19:32,662: maxiter hit in iteration 12
2026-01-15 15:19:33,810: maxiter hit in iteration 13
2026-01-15 15:19:35,044: maxiter hit in iteration 14
2026-01-15 15:19:36,224: maxiter hit in iteration 15
2026-01-15 15:19:37,183: Step 15, Train PSNR 24.813839, RevDEQ steps 10, RevDEQ err 3.561761e-03
2026-01-15 15:19:37,465: maxiter hit in iteration 16
2026-01-15 15:19:38,520: maxiter hit in iteration 17
2026-01-15 15:19:39,610: maxiter hit in iteration 18
2026-01-15 15:19:40,646: maxiter hit in iteration 19
2026-01-15 15:19:41,734: maxiter hit in iteration 20
2026-01-15 15:19:42,530: Step 20, Train PSNR 25.454651, RevDEQ steps 10, RevDEQ err 4.275162e-03
2026-01-15 15:19:42,830: maxiter hit in iteration 21
2026-01-15 15:19:43,926: maxiter hit in iteration 22
2026-01-15 15:19:45,007: maxiter hit in iteration 23
2026-01-15 15:19:46,138: maxiter hit in iteration 24
2026-01-15 15:19:47,220: maxiter hit in iteration 25
2026-01-15 15:19:48,069: Step 25, Train PSNR 25.724246, RevDEQ steps 10, RevDEQ err 6.609729e-03
2026-01-15 15:19:48,350: maxiter hit in iteration 26
2026-01-15 15:19:49,422: maxiter hit in iteration 27
2026-01-15 15:19:50,551: maxiter hit in iteration 28
2026-01-15 15:19:51,670: maxiter hit in iteration 29
2026-01-15 15:19:52,961: maxiter hit in iteration 30
2026-01-15 15:19:53,761: Step 30, Train PSNR 25.966745, RevDEQ steps 10, RevDEQ err 7.979749e-03
2026-01-15 15:19:54,064: maxiter hit in iteration 31
2026-01-15 15:19:55,205: maxiter hit in iteration 32
2026-01-15 15:19:56,321: maxiter hit in iteration 33
2026-01-15 15:19:57,427: maxiter hit in iteration 34
2026-01-15 15:19:58,579: maxiter hit in iteration 35
2026-01-15 15:19:59,398: Step 35, Train PSNR 26.250571, RevDEQ steps 10, RevDEQ err 5.554385e-03
2026-01-15 15:19:59,679: maxiter hit in iteration 36
2026-01-15 15:20:00,849: maxiter hit in iteration 37
2026-01-15 15:20:01,944: maxiter hit in iteration 38
2026-01-15 15:20:03,088: maxiter hit in iteration 39
2026-01-15 15:20:04,183: maxiter hit in iteration 40
2026-01-15 15:20:05,041: Step 40, Train PSNR 26.273352, RevDEQ steps 10, RevDEQ err 3.676116e-02
2026-01-15 15:20:05,320: maxiter hit in iteration 41
2026-01-15 15:20:06,393: maxiter hit in iteration 42
2026-01-15 15:20:07,659: maxiter hit in iteration 43
2026-01-15 15:20:08,751: maxiter hit in iteration 44
2026-01-15 15:20:09,972: maxiter hit in iteration 45
2026-01-15 15:20:10,773: Step 45, Train PSNR 26.372087, RevDEQ steps 10, RevDEQ err 8.609346e-03
2026-01-15 15:20:11,054: maxiter hit in iteration 46
2026-01-15 15:20:12,180: maxiter hit in iteration 47
2026-01-15 15:20:13,257: maxiter hit in iteration 48
2026-01-15 15:20:14,379: maxiter hit in iteration 49
2026-01-15 15:20:15,479: maxiter hit in iteration 50
2026-01-15 15:20:16,443: Step 50, Train PSNR 26.435789, RevDEQ steps 10, RevDEQ err 2.643309e-03
2026-01-15 15:20:16,446: [Epoch 1] Train Loss: 1.07E+01, PSNR: 26.44
2026-01-15 15:20:16,791: maxiter hit in iteration 1
2026-01-15 15:20:18,091: maxiter hit in iteration 2
2026-01-15 15:20:19,192: maxiter hit in iteration 3
2026-01-15 15:20:20,506: maxiter hit in iteration 4
2026-01-15 15:20:21,612: maxiter hit in iteration 5
2026-01-15 15:20:22,464: Step 5, Train PSNR 29.524310, RevDEQ steps 10, RevDEQ err 2.031740e-02
2026-01-15 15:20:22,742: maxiter hit in iteration 6
2026-01-15 15:20:23,999: maxiter hit in iteration 7
2026-01-15 15:20:25,164: maxiter hit in iteration 8
2026-01-15 15:20:26,233: maxiter hit in iteration 9
2026-01-15 15:20:27,336: maxiter hit in iteration 10
2026-01-15 15:20:28,135: Step 10, Train PSNR 28.691760, RevDEQ steps 10, RevDEQ err 1.463275e-02
2026-01-15 15:20:28,413: maxiter hit in iteration 11
2026-01-15 15:20:29,544: maxiter hit in iteration 12
2026-01-15 15:20:30,678: maxiter hit in iteration 13
2026-01-15 15:20:31,932: maxiter hit in iteration 14
2026-01-15 15:20:33,701: maxiter hit in iteration 15
2026-01-15 15:20:34,699: Step 15, Train PSNR 27.275528, RevDEQ steps 10, RevDEQ err 4.285501e-03
2026-01-15 15:20:35,014: maxiter hit in iteration 16
2026-01-15 15:20:36,200: maxiter hit in iteration 17
2026-01-15 15:20:37,261: maxiter hit in iteration 18
2026-01-15 15:20:38,355: maxiter hit in iteration 19
2026-01-15 15:20:39,423: maxiter hit in iteration 20
2026-01-15 15:20:40,293: Step 20, Train PSNR 27.057259, RevDEQ steps 10, RevDEQ err 3.841453e-03
2026-01-15 15:20:40,563: maxiter hit in iteration 21
2026-01-15 15:20:41,635: maxiter hit in iteration 22
2026-01-15 15:20:42,743: maxiter hit in iteration 23
2026-01-15 15:20:43,785: maxiter hit in iteration 24
2026-01-15 15:20:44,910: maxiter hit in iteration 25
2026-01-15 15:20:45,704: Step 25, Train PSNR 26.908049, RevDEQ steps 10, RevDEQ err 2.705764e-03
2026-01-15 15:20:45,995: maxiter hit in iteration 26
2026-01-15 15:20:47,083: maxiter hit in iteration 27
2026-01-15 15:20:48,119: maxiter hit in iteration 28
2026-01-15 15:20:49,296: maxiter hit in iteration 29
2026-01-15 15:20:50,385: maxiter hit in iteration 30
2026-01-15 15:20:51,251: Step 30, Train PSNR 27.209312, RevDEQ steps 10, RevDEQ err 1.387861e-02
2026-01-15 15:20:51,523: maxiter hit in iteration 31
2026-01-15 15:20:52,605: maxiter hit in iteration 32
2026-01-15 15:20:53,729: maxiter hit in iteration 33
2026-01-15 15:20:54,806: maxiter hit in iteration 34
2026-01-15 15:20:55,904: maxiter hit in iteration 35
2026-01-15 15:20:56,716: Step 35, Train PSNR 27.075441, RevDEQ steps 10, RevDEQ err 6.924171e-03
2026-01-15 15:20:57,005: maxiter hit in iteration 36
2026-01-15 15:20:58,303: maxiter hit in iteration 37
2026-01-15 15:20:59,376: maxiter hit in iteration 38
2026-01-15 15:21:00,490: maxiter hit in iteration 39
2026-01-15 15:21:01,550: maxiter hit in iteration 40
2026-01-15 15:21:02,371: Step 40, Train PSNR 27.237363, RevDEQ steps 10, RevDEQ err 1.814744e-02
2026-01-15 15:21:02,655: maxiter hit in iteration 41
2026-01-15 15:21:03,738: maxiter hit in iteration 42
2026-01-15 15:21:04,868: maxiter hit in iteration 43
2026-01-15 15:21:05,912: maxiter hit in iteration 44
2026-01-15 15:21:07,029: maxiter hit in iteration 45
2026-01-15 15:21:07,832: Step 45, Train PSNR 27.445873, RevDEQ steps 10, RevDEQ err 1.631637e-02
2026-01-15 15:21:08,108: maxiter hit in iteration 46
2026-01-15 15:21:09,177: maxiter hit in iteration 47
2026-01-15 15:21:10,255: maxiter hit in iteration 48
2026-01-15 15:21:11,363: maxiter hit in iteration 49
2026-01-15 15:21:12,429: maxiter hit in iteration 50
2026-01-15 15:21:13,257: Step 50, Train PSNR 27.420227, RevDEQ steps 10, RevDEQ err 2.021413e-02
2026-01-15 15:21:13,259: [Epoch 2] Train Loss: 8.90E+00, PSNR: 27.42
2026-01-15 15:21:13,514: maxiter hit in iteration 1
2026-01-15 15:21:14,576: maxiter hit in iteration 2
2026-01-15 15:21:15,676: maxiter hit in iteration 3
2026-01-15 15:21:16,721: maxiter hit in iteration 4
2026-01-15 15:21:17,847: maxiter hit in iteration 5
2026-01-15 15:21:18,733: Step 5, Train PSNR 27.036342, RevDEQ steps 10, RevDEQ err 1.297712e-02
2026-01-15 15:21:19,046: maxiter hit in iteration 6
2026-01-15 15:21:20,395: maxiter hit in iteration 7
2026-01-15 15:21:22,323: maxiter hit in iteration 8
2026-01-15 15:21:24,259: maxiter hit in iteration 9
2026-01-15 15:21:25,754: maxiter hit in iteration 10
2026-01-15 15:21:26,855: Step 10, Train PSNR 28.222068, RevDEQ steps 10, RevDEQ err 1.441221e-02
2026-01-15 15:21:27,148: maxiter hit in iteration 11
2026-01-15 15:21:28,458: maxiter hit in iteration 12
2026-01-15 15:21:29,565: maxiter hit in iteration 13
2026-01-15 15:21:30,710: maxiter hit in iteration 14
2026-01-15 15:21:31,806: maxiter hit in iteration 15
2026-01-15 15:21:32,631: Step 15, Train PSNR 27.790481, RevDEQ steps 10, RevDEQ err 8.340403e-03
2026-01-15 15:21:32,948: maxiter hit in iteration 16
2026-01-15 15:21:34,075: maxiter hit in iteration 17
2026-01-15 15:21:35,316: maxiter hit in iteration 18
2026-01-15 15:21:36,585: maxiter hit in iteration 19
2026-01-15 15:21:38,115: maxiter hit in iteration 20
2026-01-15 15:21:39,058: Step 20, Train PSNR 28.022308, RevDEQ steps 10, RevDEQ err 7.231112e-03
2026-01-15 15:21:39,414: maxiter hit in iteration 21
2026-01-15 15:21:40,610: maxiter hit in iteration 22
2026-01-15 15:21:42,630: maxiter hit in iteration 23
2026-01-15 15:21:44,202: maxiter hit in iteration 24
2026-01-15 15:21:45,382: maxiter hit in iteration 25
2026-01-15 15:21:46,254: Step 25, Train PSNR 27.849671, RevDEQ steps 10, RevDEQ err 2.431300e-02
2026-01-15 15:21:46,557: maxiter hit in iteration 26
2026-01-15 15:21:47,681: maxiter hit in iteration 27
2026-01-15 15:21:48,851: maxiter hit in iteration 28
2026-01-15 15:21:49,989: maxiter hit in iteration 29
2026-01-15 15:21:51,176: maxiter hit in iteration 30
2026-01-15 15:21:52,022: Step 30, Train PSNR 27.477843, RevDEQ steps 10, RevDEQ err 3.386030e-03
2026-01-15 15:21:52,377: maxiter hit in iteration 31
2026-01-15 15:21:53,722: maxiter hit in iteration 32
2026-01-15 15:21:54,997: maxiter hit in iteration 33
2026-01-15 15:21:56,172: maxiter hit in iteration 34
2026-01-15 15:21:57,516: maxiter hit in iteration 35
2026-01-15 15:21:58,397: Step 35, Train PSNR 27.154244, RevDEQ steps 10, RevDEQ err 3.913687e-03
2026-01-15 15:21:58,772: maxiter hit in iteration 36
2026-01-15 15:22:00,031: maxiter hit in iteration 37
2026-01-15 15:22:01,214: maxiter hit in iteration 38
2026-01-15 15:22:02,432: maxiter hit in iteration 39
2026-01-15 15:22:03,643: maxiter hit in iteration 40
2026-01-15 15:22:04,515: Step 40, Train PSNR 27.457043, RevDEQ steps 10, RevDEQ err 1.220454e-02
2026-01-15 15:22:04,846: maxiter hit in iteration 41
2026-01-15 15:22:06,059: maxiter hit in iteration 42
2026-01-15 15:22:07,182: maxiter hit in iteration 43
2026-01-15 15:22:08,333: maxiter hit in iteration 44
2026-01-15 15:22:09,459: maxiter hit in iteration 45
2026-01-15 15:22:10,378: Step 45, Train PSNR 27.428131, RevDEQ steps 10, RevDEQ err 2.414034e-02
2026-01-15 15:22:10,668: maxiter hit in iteration 46
2026-01-15 15:22:11,804: maxiter hit in iteration 47
2026-01-15 15:22:12,991: maxiter hit in iteration 48
2026-01-15 15:22:14,128: maxiter hit in iteration 49
2026-01-15 15:22:15,353: maxiter hit in iteration 50
2026-01-15 15:22:16,191: Step 50, Train PSNR 27.302741, RevDEQ steps 10, RevDEQ err 5.964403e-03
2026-01-15 15:22:16,191: [Epoch 3] Train Loss: 9.01E+00, PSNR: 27.30
2026-01-15 15:22:16,521: maxiter hit in iteration 1
2026-01-15 15:22:17,670: maxiter hit in iteration 2
2026-01-15 15:22:19,028: maxiter hit in iteration 3
2026-01-15 15:22:20,198: maxiter hit in iteration 4
2026-01-15 15:22:21,588: maxiter hit in iteration 5
2026-01-15 15:22:22,753: Step 5, Train PSNR 27.396342, RevDEQ steps 10, RevDEQ err 4.134701e-03
2026-01-15 15:22:23,129: maxiter hit in iteration 6
2026-01-15 15:22:24,395: maxiter hit in iteration 7
2026-01-15 15:22:25,629: maxiter hit in iteration 8
2026-01-15 15:22:26,788: maxiter hit in iteration 9
2026-01-15 15:22:27,988: maxiter hit in iteration 10
2026-01-15 15:22:28,802: Step 10, Train PSNR 28.852174, RevDEQ steps 10, RevDEQ err 2.871336e-02
2026-01-15 15:22:29,071: maxiter hit in iteration 11
2026-01-15 15:22:30,223: maxiter hit in iteration 12
2026-01-15 15:22:31,328: maxiter hit in iteration 13
2026-01-15 15:22:32,421: maxiter hit in iteration 14
2026-01-15 15:22:33,452: maxiter hit in iteration 15
2026-01-15 15:22:34,419: Step 15, Train PSNR 28.058716, RevDEQ steps 10, RevDEQ err 5.385678e-03
2026-01-15 15:22:34,730: maxiter hit in iteration 16
2026-01-15 15:22:35,974: maxiter hit in iteration 17
2026-01-15 15:22:37,300: maxiter hit in iteration 18
2026-01-15 15:22:38,381: maxiter hit in iteration 19
2026-01-15 15:22:40,173: maxiter hit in iteration 20
2026-01-15 15:22:41,138: Step 20, Train PSNR 28.270912, RevDEQ steps 10, RevDEQ err 7.900987e-03
2026-01-15 15:22:41,438: maxiter hit in iteration 21
2026-01-15 15:22:42,488: maxiter hit in iteration 22
2026-01-15 15:22:43,598: maxiter hit in iteration 23
2026-01-15 15:22:44,685: maxiter hit in iteration 24
2026-01-15 15:22:45,809: maxiter hit in iteration 25
2026-01-15 15:22:46,616: Step 25, Train PSNR 28.062722, RevDEQ steps 10, RevDEQ err 4.869088e-03
2026-01-15 15:22:46,903: maxiter hit in iteration 26
2026-01-15 15:22:48,002: maxiter hit in iteration 27
2026-01-15 15:22:49,060: maxiter hit in iteration 28
2026-01-15 15:22:50,191: maxiter hit in iteration 29
2026-01-15 15:22:51,302: maxiter hit in iteration 30
2026-01-15 15:22:52,285: Step 30, Train PSNR 27.793066, RevDEQ steps 10, RevDEQ err 9.942465e-03
2026-01-15 15:22:52,607: maxiter hit in iteration 31
2026-01-15 15:22:53,676: maxiter hit in iteration 32
2026-01-15 15:22:54,895: maxiter hit in iteration 33
2026-01-15 15:22:56,014: maxiter hit in iteration 34
2026-01-15 15:22:57,147: maxiter hit in iteration 35
2026-01-15 15:22:57,941: Step 35, Train PSNR 27.632872, RevDEQ steps 10, RevDEQ err 9.010785e-03
2026-01-15 15:22:58,248: maxiter hit in iteration 36
2026-01-15 15:22:59,362: maxiter hit in iteration 37
2026-01-15 15:23:00,472: maxiter hit in iteration 38
2026-01-15 15:23:01,805: maxiter hit in iteration 39
2026-01-15 15:23:02,915: maxiter hit in iteration 40
2026-01-15 15:23:03,703: Step 40, Train PSNR 27.689739, RevDEQ steps 10, RevDEQ err 2.888093e-02
2026-01-15 15:23:03,977: maxiter hit in iteration 41
2026-01-15 15:23:05,102: maxiter hit in iteration 42
2026-01-15 15:23:06,160: maxiter hit in iteration 43
2026-01-15 15:23:07,274: maxiter hit in iteration 44
2026-01-15 15:23:08,356: maxiter hit in iteration 45
2026-01-15 15:23:09,194: Step 45, Train PSNR 27.856723, RevDEQ steps 10, RevDEQ err 1.641810e-02
2026-01-15 15:23:09,480: maxiter hit in iteration 46
2026-01-15 15:23:10,559: maxiter hit in iteration 47
2026-01-15 15:23:11,666: maxiter hit in iteration 48
2026-01-15 15:23:12,740: maxiter hit in iteration 49
2026-01-15 15:23:13,864: maxiter hit in iteration 50
2026-01-15 15:23:14,643: Step 50, Train PSNR 27.667794, RevDEQ steps 10, RevDEQ err 9.301597e-03
2026-01-15 15:23:14,646: [Epoch 4] Train Loss: 8.32E+00, PSNR: 27.67
2026-01-15 15:23:14,951: maxiter hit in iteration 1
2026-01-15 15:23:16,045: maxiter hit in iteration 2
2026-01-15 15:23:17,206: maxiter hit in iteration 3
2026-01-15 15:23:18,395: maxiter hit in iteration 4
2026-01-15 15:23:19,495: maxiter hit in iteration 5
2026-01-15 15:23:20,278: Step 5, Train PSNR 28.448397, RevDEQ steps 10, RevDEQ err 7.487596e-03
2026-01-15 15:23:20,521: maxiter hit in iteration 6
2026-01-15 15:23:21,549: maxiter hit in iteration 7
2026-01-15 15:23:22,739: maxiter hit in iteration 8
2026-01-15 15:23:23,764: maxiter hit in iteration 9
2026-01-15 15:23:25,131: maxiter hit in iteration 10
2026-01-15 15:23:25,932: Step 10, Train PSNR 27.542664, RevDEQ steps 10, RevDEQ err 4.922456e-02
2026-01-15 15:23:26,209: maxiter hit in iteration 11
2026-01-15 15:23:27,193: maxiter hit in iteration 12
2026-01-15 15:23:28,121: maxiter hit in iteration 13
2026-01-15 15:23:29,071: maxiter hit in iteration 14
2026-01-15 15:23:30,005: maxiter hit in iteration 15
2026-01-15 15:23:30,676: Step 15, Train PSNR 27.834509, RevDEQ steps 10, RevDEQ err 3.492113e-02
2026-01-15 15:23:30,922: maxiter hit in iteration 16
2026-01-15 15:23:31,859: maxiter hit in iteration 17
2026-01-15 15:23:32,778: maxiter hit in iteration 18
2026-01-15 15:23:33,745: maxiter hit in iteration 19
2026-01-15 15:23:34,651: maxiter hit in iteration 20
2026-01-15 15:23:35,355: Step 20, Train PSNR 27.756135, RevDEQ steps 10, RevDEQ err 1.189116e-02
2026-01-15 15:23:35,610: maxiter hit in iteration 21
2026-01-15 15:23:36,541: maxiter hit in iteration 22
2026-01-15 15:23:37,457: maxiter hit in iteration 23
2026-01-15 15:23:38,380: maxiter hit in iteration 24
2026-01-15 15:23:39,296: maxiter hit in iteration 25
2026-01-15 15:23:40,064: Step 25, Train PSNR 27.652546, RevDEQ steps 10, RevDEQ err 5.251803e-03
2026-01-15 15:23:40,306: maxiter hit in iteration 26
2026-01-15 15:23:41,240: maxiter hit in iteration 27
2026-01-15 15:23:42,349: maxiter hit in iteration 28
2026-01-15 15:23:43,464: maxiter hit in iteration 29
2026-01-15 15:23:44,472: maxiter hit in iteration 30
2026-01-15 15:23:45,183: Step 30, Train PSNR 27.839637, RevDEQ steps 10, RevDEQ err 1.101197e-02
2026-01-15 15:23:45,419: maxiter hit in iteration 31
2026-01-15 15:23:46,346: maxiter hit in iteration 32
2026-01-15 15:23:47,272: maxiter hit in iteration 33
2026-01-15 15:23:48,171: maxiter hit in iteration 34
2026-01-15 15:23:49,118: maxiter hit in iteration 35
2026-01-15 15:23:49,988: Step 35, Train PSNR 27.829073, RevDEQ steps 10, RevDEQ err 6.357008e-03
2026-01-15 15:23:50,227: maxiter hit in iteration 36
2026-01-15 15:23:51,193: maxiter hit in iteration 37
2026-01-15 15:23:52,106: maxiter hit in iteration 38
2026-01-15 15:23:53,075: maxiter hit in iteration 39
2026-01-15 15:23:53,973: maxiter hit in iteration 40
2026-01-15 15:23:54,672: Step 40, Train PSNR 28.108778, RevDEQ steps 10, RevDEQ err 1.303633e-02
2026-01-15 15:23:54,950: maxiter hit in iteration 41
2026-01-15 15:23:55,871: maxiter hit in iteration 42
2026-01-15 15:23:56,800: maxiter hit in iteration 43
2026-01-15 15:23:57,755: maxiter hit in iteration 44
2026-01-15 15:23:58,674: maxiter hit in iteration 45
2026-01-15 15:23:59,395: Step 45, Train PSNR 28.015826, RevDEQ steps 10, RevDEQ err 1.390899e-02
2026-01-15 15:23:59,646: maxiter hit in iteration 46
2026-01-15 15:24:00,605: maxiter hit in iteration 47
2026-01-15 15:24:01,571: maxiter hit in iteration 48
2026-01-15 15:24:02,520: maxiter hit in iteration 49
2026-01-15 15:24:03,457: maxiter hit in iteration 50
2026-01-15 15:24:04,151: Step 50, Train PSNR 28.056625, RevDEQ steps 10, RevDEQ err 1.248789e-02
2026-01-15 15:24:04,153: [Epoch 5] Train Loss: 7.76E+00, PSNR: 28.06
2026-01-15 15:24:09,974: [Epoch 5] Val Loss: 9.42E+00, PSNR: 27.27
2026-01-15 15:24:10,239: maxiter hit in iteration 1
2026-01-15 15:24:11,177: maxiter hit in iteration 2
2026-01-15 15:24:12,296: maxiter hit in iteration 3
2026-01-15 15:24:13,205: maxiter hit in iteration 4
2026-01-15 15:24:14,151: maxiter hit in iteration 5
2026-01-15 15:24:14,863: Step 5, Train PSNR 28.330286, RevDEQ steps 10, RevDEQ err 1.765122e-02
2026-01-15 15:24:15,107: maxiter hit in iteration 6
2026-01-15 15:24:16,029: maxiter hit in iteration 7
2026-01-15 15:24:16,981: maxiter hit in iteration 8
2026-01-15 15:24:17,863: maxiter hit in iteration 9
2026-01-15 15:24:18,806: maxiter hit in iteration 10
2026-01-15 15:24:19,489: Step 10, Train PSNR 27.914612, RevDEQ steps 10, RevDEQ err 9.801862e-03
2026-01-15 15:24:19,727: maxiter hit in iteration 11
2026-01-15 15:24:20,673: maxiter hit in iteration 12
2026-01-15 15:24:21,640: maxiter hit in iteration 13
2026-01-15 15:24:22,536: maxiter hit in iteration 14
2026-01-15 15:24:23,504: maxiter hit in iteration 15
2026-01-15 15:24:24,190: Step 15, Train PSNR 28.671911, RevDEQ steps 10, RevDEQ err 1.851852e-02
2026-01-15 15:24:24,432: maxiter hit in iteration 16
2026-01-15 15:24:25,410: maxiter hit in iteration 17
2026-01-15 15:24:26,301: maxiter hit in iteration 18
2026-01-15 15:24:27,411: maxiter hit in iteration 19
2026-01-15 15:24:28,504: maxiter hit in iteration 20
2026-01-15 15:24:29,255: Step 20, Train PSNR 27.934813, RevDEQ steps 10, RevDEQ err 3.003539e-03
2026-01-15 15:24:29,505: maxiter hit in iteration 21
2026-01-15 15:24:30,472: maxiter hit in iteration 22
2026-01-15 15:24:31,386: maxiter hit in iteration 23
2026-01-15 15:24:32,338: maxiter hit in iteration 24
2026-01-15 15:24:33,240: maxiter hit in iteration 25
2026-01-15 15:24:33,972: Step 25, Train PSNR 28.021464, RevDEQ steps 10, RevDEQ err 3.153165e-02
2026-01-15 15:24:34,219: maxiter hit in iteration 26
2026-01-15 15:24:35,304: maxiter hit in iteration 27
2026-01-15 15:24:36,304: maxiter hit in iteration 28
2026-01-15 15:24:37,201: maxiter hit in iteration 29
2026-01-15 15:24:38,146: maxiter hit in iteration 30
2026-01-15 15:24:38,888: Step 30, Train PSNR 28.195581, RevDEQ steps 10, RevDEQ err 4.199988e-02
2026-01-15 15:24:39,122: maxiter hit in iteration 31
2026-01-15 15:24:40,088: maxiter hit in iteration 32
2026-01-15 15:24:41,024: maxiter hit in iteration 33
2026-01-15 15:24:41,949: maxiter hit in iteration 34
2026-01-15 15:24:42,922: maxiter hit in iteration 35
2026-01-15 15:24:43,571: Step 35, Train PSNR 28.022351, RevDEQ steps 10, RevDEQ err 1.502966e-02
2026-01-15 15:24:43,816: maxiter hit in iteration 36
2026-01-15 15:24:44,956: maxiter hit in iteration 37
2026-01-15 15:24:46,050: maxiter hit in iteration 38
2026-01-15 15:24:47,010: maxiter hit in iteration 39
2026-01-15 15:24:47,912: maxiter hit in iteration 40
2026-01-15 15:24:48,604: Step 40, Train PSNR 27.813351, RevDEQ steps 10, RevDEQ err 6.511877e-03
2026-01-15 15:24:48,869: maxiter hit in iteration 41
2026-01-15 15:24:49,801: maxiter hit in iteration 42
2026-01-15 15:24:50,912: maxiter hit in iteration 43
2026-01-15 15:24:51,897: maxiter hit in iteration 44
2026-01-15 15:24:52,798: maxiter hit in iteration 45
2026-01-15 15:24:53,521: Step 45, Train PSNR 27.510202, RevDEQ steps 10, RevDEQ err 3.545074e-03
2026-01-15 15:24:53,753: maxiter hit in iteration 46
2026-01-15 15:24:54,657: maxiter hit in iteration 47
2026-01-15 15:24:55,583: maxiter hit in iteration 48
2026-01-15 15:24:56,597: maxiter hit in iteration 49
2026-01-15 15:24:57,875: maxiter hit in iteration 50
2026-01-15 15:24:58,584: Step 50, Train PSNR 27.507809, RevDEQ steps 10, RevDEQ err 8.867568e-03
2026-01-15 15:24:58,587: [Epoch 6] Train Loss: 8.77E+00, PSNR: 27.51
2026-01-15 15:24:58,587: 
RevDEQ completed in 340.8s
2026-01-15 15:24:58,587:   Final Train Loss: 8.7725
2026-01-15 15:24:58,587:   Final Train PSNR: 27.51 dB
2026-01-15 15:24:58,587:   Final Val Loss: 9.4188
2026-01-15 15:24:58,587:   Final Val PSNR: 27.27 dB
2026-01-15 15:24:58,591: 
======================================================================
2026-01-15 15:24:58,592: SUMMARY
2026-01-15 15:24:58,592: Method | Max Iter | F-Evals/Batch | Train Loss | Val Loss | Train PSNR | Val PSNR | Duration (s)
                         -------------------------------------------------------------------------------------------------------
                         IFT    | 20       | 20            | 7.97       | 9.21     | 27.86      | 27.16    | 6555.8      
                         JFB    | 20       | 20            | 8.77       | 9.30     | 27.59      | 27.09    | 264.8       
                         RevDEQ | 10       | 20            | 8.77       | 9.42     | 27.51      | 27.27    | 340.8            
2026-01-15 15:24:58,611: 
Results saved to: comparison_logs\comparison_results_Denoising_CRR_2026-01-15_13-25-37.008310.json
2026-01-15 15:24:58,612: Log saved to: comparison_logs\comparison_Denoising_CRR_2026-01-15_13-25-37.008310.log
