2026-01-27 14:30:28,623: Dataset: BSDS500_gray
2026-01-27 14:30:28,624: Train set size: 20, Val set size: 5
2026-01-27 14:30:28,655: Loaded pretrained weights from weights/score_for_Denoising/CRR_score_training_for_Denoising.pt
2026-01-27 14:30:28,656: ======================================================================
2026-01-27 14:30:28,657: HYPERGRADIENT METHOD COMPARISON
2026-01-27 14:30:28,658: ======================================================================
2026-01-27 14:30:28,658: Run ID: 20260127_run1
2026-01-27 14:30:28,659: Problem: Denoising
2026-01-27 14:30:28,660: Regularizer: CRR
2026-01-27 14:30:28,660: Epochs: 2
2026-01-27 14:30:28,661: Validation epochs: 2
2026-01-27 14:30:28,661: Load pretrained weights: True
2026-01-27 14:30:28,662: Load parameter-fitted weights: False
2026-01-27 14:30:28,663: RevDEQ beta: 0.5
2026-01-27 14:30:28,663: Use embedded beta: False
2026-01-27 14:30:28,664: Function evaluations per batch:
2026-01-27 14:30:28,665:   IFT: 20 steps x 1 = 20 f-evals
2026-01-27 14:30:28,665:   JFB: 20 steps x 1 = 20 f-evals
2026-01-27 14:30:28,666:   RevDEQ: 10 steps x 2 = 20 f-evals
2026-01-27 14:30:28,666: ======================================================================
2026-01-27 14:30:28,667: 
======================================================================
2026-01-27 14:30:28,669: Running IFT
2026-01-27 14:30:28,670: ======================================================================
2026-01-27 14:30:28,675: Using pretrained base regularizer
2026-01-27 14:31:10,475: [Epoch 1] Train Loss: 1.22E+01, PSNR: 25.98
2026-01-27 14:31:52,510: [Epoch 2] Train Loss: 9.26E+00, PSNR: 27.09
2026-01-27 14:31:57,125: [Epoch 2] Val Loss: 7.18E+00, PSNR: 27.91
2026-01-27 14:31:57,126: 
IFT completed in 88.5s
2026-01-27 14:31:57,128:   Final Train Loss: 9.2587
2026-01-27 14:31:57,128:   Final Train PSNR: 27.09 dB
2026-01-27 14:31:57,128:   Final Val Loss: 7.1753
2026-01-27 14:31:57,128:   Final Val PSNR: 27.91 dB
2026-01-27 14:31:57,128: 
======================================================================
2026-01-27 14:31:57,128: Running JFB
2026-01-27 14:31:57,128: ======================================================================
2026-01-27 14:31:57,136: Using pretrained base regularizer
2026-01-27 14:32:16,162: [Epoch 1] Train Loss: 1.36E+01, PSNR: 25.42
2026-01-27 14:32:31,756: [Epoch 2] Train Loss: 8.06E+00, PSNR: 27.65
2026-01-27 14:32:35,330: [Epoch 2] Val Loss: 7.59E+00, PSNR: 27.60
2026-01-27 14:32:35,334: 
JFB completed in 38.2s
2026-01-27 14:32:35,336:   Final Train Loss: 8.0624
2026-01-27 14:32:35,340:   Final Train PSNR: 27.65 dB
2026-01-27 14:32:35,343:   Final Val Loss: 7.5868
2026-01-27 14:32:35,349:   Final Val PSNR: 27.60 dB
2026-01-27 14:32:35,361: 
======================================================================
2026-01-27 14:32:35,365: Running RevDEQ
2026-01-27 14:32:35,366: ======================================================================
2026-01-27 14:32:35,372: Using pretrained base regularizer
2026-01-27 14:32:41,218: Step 5, Train PSNR 21.640590, RevDEQ steps 10, RevDEQ err 4.967644e-03
2026-01-27 14:32:47,258: Step 10, Train PSNR 22.557572, RevDEQ steps 10, RevDEQ err 1.005643e-02
2026-01-27 14:32:53,775: Step 15, Train PSNR 23.119574, RevDEQ steps 10, RevDEQ err 6.822263e-03
2026-01-27 14:32:59,491: Step 20, Train PSNR 23.454291, RevDEQ steps 10, RevDEQ err 1.439010e-02
2026-01-27 14:32:59,491: [Epoch 1] Train Loss: 1.93E+01, PSNR: 23.45
2026-01-27 14:33:05,968: Step 5, Train PSNR 24.985913, RevDEQ steps 10, RevDEQ err 1.498002e-02
2026-01-27 14:33:11,970: Step 10, Train PSNR 25.840656, RevDEQ steps 10, RevDEQ err 1.028954e-02
2026-01-27 14:33:18,335: Step 15, Train PSNR 26.279290, RevDEQ steps 10, RevDEQ err 1.062320e-02
2026-01-27 14:33:24,122: Step 20, Train PSNR 25.927031, RevDEQ steps 10, RevDEQ err 7.935990e-03
2026-01-27 14:33:24,124: [Epoch 2] Train Loss: 1.11E+01, PSNR: 25.93
2026-01-27 14:33:25,522: [Epoch 2] Val Loss: 8.62E+00, PSNR: 26.92
2026-01-27 14:33:25,535: 
RevDEQ completed in 50.2s
2026-01-27 14:33:25,535:   Final Train Loss: 11.0763
2026-01-27 14:33:25,535:   Final Train PSNR: 25.93 dB
2026-01-27 14:33:25,538:   Final Val Loss: 8.6199
2026-01-27 14:33:25,538:   Final Val PSNR: 26.92 dB
2026-01-27 14:33:25,539: 
======================================================================
2026-01-27 14:33:25,539: SUMMARY
2026-01-27 14:33:25,539: ======================================================================
2026-01-27 14:33:25,539: Method | Max Iter | F-Evals/Batch | Train Loss | Val Loss | Train PSNR | Val PSNR | Duration (s)
2026-01-27 14:33:25,539: ------------------------------------------------------------------------------------------------
2026-01-27 14:33:25,539: IFT    | 20       | 20            | 9.26       | 7.18     | 27.09      | 27.91    | 88.5        
2026-01-27 14:33:25,542: JFB    | 20       | 20            | 8.06       | 7.59     | 27.65      | 27.60    | 38.2        
2026-01-27 14:33:25,542: RevDEQ | 10       | 20            | 11.08      | 8.62     | 25.93      | 26.92    | 50.2        
2026-01-27 14:33:25,551: 
Results saved to: comparison_logs\comparison_results_Denoising_CRR_20260127_run1.json
2026-01-27 14:33:25,552: Log saved to: comparison_logs\comparison_Denoising_CRR_20260127_run1.log
