2026-01-23 16:00:50,271: Dataset: BSDS500_gray
2026-01-23 16:00:50,271: Train set size: 50, Val set size: 20
2026-01-23 16:00:50,289: Loaded pretrained weights from weights/score_for_Denoising/CRR_score_training_for_Denoising.pt
2026-01-23 16:00:50,290: ======================================================================
2026-01-23 16:00:50,290: HYPERGRADIENT METHOD COMPARISON
2026-01-23 16:00:50,290: ======================================================================
2026-01-23 16:00:50,290: Run ID: 20260123_run4
2026-01-23 16:00:50,291: Problem: Denoising
2026-01-23 16:00:50,291: Regularizer: CRR
2026-01-23 16:00:50,292: Epochs: 3
2026-01-23 16:00:50,292: Validation epochs: 1
2026-01-23 16:00:50,292: Load pretrained weights: True
2026-01-23 16:00:50,292: Load parameter-fitted weights: False
2026-01-23 16:00:50,292: RevDEQ beta: 0.5
2026-01-23 16:00:50,292: Use embedded beta: False
2026-01-23 16:00:50,292: Function evaluations per batch:
2026-01-23 16:00:50,292:   IFT: 20 steps x 1 = 20 f-evals
2026-01-23 16:00:50,294:   JFB: 20 steps x 1 = 20 f-evals
2026-01-23 16:00:50,294:   RevDEQ: 10 steps x 2 = 20 f-evals
2026-01-23 16:00:50,294: ======================================================================
2026-01-23 16:00:50,294: 
======================================================================
2026-01-23 16:00:50,294: Running IFT
2026-01-23 16:00:50,294: ======================================================================
2026-01-23 16:00:50,296: Using pretrained base regularizer
2026-01-23 16:08:48,110: [Epoch 1] Train Loss: 1.03E+01, PSNR: 26.80
2026-01-23 16:09:21,596: [Epoch 1] Val Loss: 9.38E+00, PSNR: 27.14
2026-01-23 16:15:09,817: [Epoch 2] Train Loss: 8.32E+00, PSNR: 27.68
2026-01-23 16:15:22,320: [Epoch 2] Val Loss: 9.31E+00, PSNR: 27.22
2026-01-23 16:19:47,473: [Epoch 3] Train Loss: 8.83E+00, PSNR: 27.57
2026-01-23 16:20:07,414: [Epoch 3] Val Loss: 9.34E+00, PSNR: 27.24
2026-01-23 16:20:07,416: 
IFT completed in 1157.1s
2026-01-23 16:20:07,417:   Final Train Loss: 8.8311
2026-01-23 16:20:07,417:   Final Train PSNR: 27.57 dB
2026-01-23 16:20:07,419:   Final Val Loss: 9.3410
2026-01-23 16:20:07,419:   Final Val PSNR: 27.24 dB
2026-01-23 16:20:07,420: 
======================================================================
2026-01-23 16:20:07,420: Running JFB
2026-01-23 16:20:07,421: ======================================================================
2026-01-23 16:20:07,426: Using pretrained base regularizer
2026-01-23 16:21:05,218: [Epoch 1] Train Loss: 1.05E+01, PSNR: 26.62
2026-01-23 16:21:22,132: [Epoch 1] Val Loss: 9.91E+00, PSNR: 26.67
2026-01-23 16:21:53,959: [Epoch 2] Train Loss: 7.74E+00, PSNR: 27.82
2026-01-23 16:22:04,570: [Epoch 2] Val Loss: 9.37E+00, PSNR: 27.16
2026-01-23 16:22:34,887: [Epoch 3] Train Loss: 8.98E+00, PSNR: 27.29
2026-01-23 16:22:48,938: [Epoch 3] Val Loss: 9.07E+00, PSNR: 27.27
2026-01-23 16:22:48,938: 
JFB completed in 161.5s
2026-01-23 16:22:48,940:   Final Train Loss: 8.9757
2026-01-23 16:22:48,940:   Final Train PSNR: 27.29 dB
2026-01-23 16:22:48,940:   Final Val Loss: 9.0691
2026-01-23 16:22:48,940:   Final Val PSNR: 27.27 dB
2026-01-23 16:22:48,940: 
======================================================================
2026-01-23 16:22:48,940: Running RevDEQ
2026-01-23 16:22:48,940: ======================================================================
2026-01-23 16:22:48,944: Using pretrained base regularizer
2026-01-23 16:22:48,968: RevDEQ failed with error: expected scalar type Double but found Float
2026-01-23 16:22:48,970: 
======================================================================
2026-01-23 16:22:48,970: SUMMARY
2026-01-23 16:22:48,970: ======================================================================
2026-01-23 16:22:48,970: Method | Max Iter | F-Evals/Batch | Train Loss | Val Loss | Train PSNR | Val PSNR | Duration (s)
2026-01-23 16:22:48,970: ------------------------------------------------------------------------------------------------
2026-01-23 16:22:48,970: IFT    | 20       | 20            | 8.83       | 9.34     | 27.57      | 27.24    | 1157.1      
2026-01-23 16:22:48,970: JFB    | 20       | 20            | 8.98       | 9.07     | 27.29      | 27.27    | 161.5       
2026-01-23 16:22:48,976: 
Results saved to: comparison_logs\comparison_results_Denoising_CRR_20260123_run4.json
2026-01-23 16:22:48,976: Log saved to: comparison_logs\comparison_Denoising_CRR_20260123_run4.log
