2026-01-29 13:50:52,951: Dataset: LoDoPaB
2026-01-29 13:50:52,951: Train set size: 5, Val set size: 3
2026-01-29 13:50:52,979: Loaded pretrained weights from weights/score_for_CT/CRR_score_training_for_CT.pt
2026-01-29 13:50:52,979: ======================================================================
2026-01-29 13:50:52,981: HYPERGRADIENT METHOD COMPARISON (CT)
2026-01-29 13:50:52,981: ======================================================================
2026-01-29 13:50:52,982: Run ID: 20260129_run3
2026-01-29 13:50:52,982: Problem: CT
2026-01-29 13:50:52,982: Regularizer: CRR
2026-01-29 13:50:52,982: Epochs: 1
2026-01-29 13:50:52,985: Validation epochs: 1
2026-01-29 13:50:52,985: Load pretrained weights: True
2026-01-29 13:50:52,985: Load parameter-fitted weights: False
2026-01-29 13:50:52,985: RevDEQ beta: 0.5
2026-01-29 13:50:52,985: RevDEQ step size: 0.0001
2026-01-29 13:50:52,985: Function evaluations per batch:
2026-01-29 13:50:52,987:   JFB: 20 steps x 1 = 20 f-evals, step_size=0.1
2026-01-29 13:50:52,987:   RevDEQ: 10 steps x 2 = 20 f-evals, step_size=0.0001
2026-01-29 13:50:52,988: ======================================================================
2026-01-29 13:50:52,988: 
======================================================================
2026-01-29 13:50:52,988: Running JFB
2026-01-29 13:50:52,989: ======================================================================
2026-01-29 13:50:52,992: Using pretrained base regularizer
2026-01-29 13:51:54,380: [Epoch 1] Train Loss: 1.22E+00, PSNR: 34.22
2026-01-29 13:52:21,628: [Epoch 1] Val Loss: 5.53E+00, PSNR: 31.15
2026-01-29 13:52:21,636: 
JFB training completed in 88.6s
2026-01-29 13:52:21,636:   Final Train Loss: 1.2217
2026-01-29 13:52:21,636:   Final Train PSNR: 34.22 dB
2026-01-29 13:52:21,636:   Final Val Loss: 5.5269
2026-01-29 13:52:21,636:   Final Val PSNR: 31.15 dB
2026-01-29 13:52:21,649:   Saved weights to weights/bilevel_CT\CRR_bilevel_JFB_for_CT_20260129_run3.pt
2026-01-29 13:52:21,651: 
======================================================================
2026-01-29 13:52:21,651: Running RevDEQ
2026-01-29 13:52:21,651: ======================================================================
2026-01-29 13:52:21,655: Using pretrained base regularizer
2026-01-29 13:53:02,417: Step 5, Train PSNR 20.741827, RevDEQ steps 10, RevDEQ err 3.478659e-03
2026-01-29 13:53:02,419: [Epoch 1] Train Loss: 2.65E+01, PSNR: 20.74
2026-01-29 13:53:08,223: [Epoch 1] Val Loss: 2.70E+01, PSNR: 20.50
2026-01-29 13:53:08,228: 
RevDEQ training completed in 46.6s
2026-01-29 13:53:08,228:   Final Train Loss: 26.4791
2026-01-29 13:53:08,228:   Final Train PSNR: 20.74 dB
2026-01-29 13:53:08,228:   Final Val Loss: 27.0092
2026-01-29 13:53:08,230:   Final Val PSNR: 20.50 dB
2026-01-29 13:53:08,240:   Saved weights to weights/bilevel_CT\CRR_bilevel_RevDEQ_for_CT_20260129_run3.pt
2026-01-29 13:53:08,240: 
======================================================================
2026-01-29 13:53:08,240: SUMMARY
2026-01-29 13:53:08,241: ======================================================================
2026-01-29 13:53:08,241: Method | Max Iter | F-Evals/Batch | Train PSNR | Val PSNR | Train Time (s)
2026-01-29 13:53:08,242: --------------------------------------------------------------------------
2026-01-29 13:53:08,242: JFB    | 20       | 20            | 34.22      | 31.15    | 88.6          
2026-01-29 13:53:08,242: RevDEQ | 10       | 20            | 20.74      | 20.50    | 46.6          
2026-01-29 13:53:08,248: 
Results saved to: comparison_logs\comparison_results_CT_CRR_20260129_run3.json
2026-01-29 13:53:08,248: Log saved to: comparison_logs\comparison_CT_CRR_20260129_run3.log
