2026-01-29 13:59:15,309: Dataset: LoDoPaB
2026-01-29 13:59:15,310: Train set size: 3, Val set size: 2
2026-01-29 13:59:15,343: Loaded pretrained weights from weights/score_for_CT/CRR_score_training_for_CT.pt
2026-01-29 13:59:15,345: ======================================================================
2026-01-29 13:59:15,345: HYPERGRADIENT METHOD COMPARISON (CT)
2026-01-29 13:59:15,345: ======================================================================
2026-01-29 13:59:15,345: Run ID: 20260129_run4
2026-01-29 13:59:15,346: Problem: CT
2026-01-29 13:59:15,347: Regularizer: CRR
2026-01-29 13:59:15,348: Epochs: 1
2026-01-29 13:59:15,350: Validation epochs: 1
2026-01-29 13:59:15,350: Load pretrained weights: True
2026-01-29 13:59:15,350: Load parameter-fitted weights: False
2026-01-29 13:59:15,350: RevDEQ beta: 0.5
2026-01-29 13:59:15,350: RevDEQ step size: 0.0001
2026-01-29 13:59:15,352: Function evaluations per batch:
2026-01-29 13:59:15,352:   JFB: 20 steps x 1 = 20 f-evals, step_size=0.1
2026-01-29 13:59:15,352:   RevDEQ: 10 steps x 2 = 20 f-evals, step_size=0.0001
2026-01-29 13:59:15,353: ======================================================================
2026-01-29 13:59:15,353: 
======================================================================
2026-01-29 13:59:15,353: Running JFB
2026-01-29 13:59:15,354: ======================================================================
2026-01-29 13:59:15,359: Using pretrained base regularizer
2026-01-29 13:59:39,752: [Epoch 1] Train Loss: 9.15E-01, PSNR: 33.50
2026-01-29 13:59:55,195: [Epoch 1] Val Loss: 7.80E+00, PSNR: 30.99
2026-01-29 13:59:55,202: 
JFB training completed in 39.8s
2026-01-29 13:59:55,202:   Final Train Loss: 0.9149
2026-01-29 13:59:55,202:   Final Train PSNR: 33.50 dB
2026-01-29 13:59:55,203:   Final Val Loss: 7.7974
2026-01-29 13:59:55,203:   Final Val PSNR: 30.99 dB
2026-01-29 13:59:55,220:   Saved weights to weights/bilevel_CT\CRR_bilevel_JFB_for_CT_20260129_run4.pt
2026-01-29 13:59:55,220: 
======================================================================
2026-01-29 13:59:55,220: Running RevDEQ
2026-01-29 13:59:55,220: ======================================================================
2026-01-29 13:59:55,224: Using pretrained base regularizer
2026-01-29 14:00:13,626: [Epoch 1] Train Loss: 2.88E+01, PSNR: 19.67
2026-01-29 14:00:16,896: [Epoch 1] Val Loss: 2.76E+01, PSNR: 21.63
2026-01-29 14:00:16,900: 
RevDEQ training completed in 21.7s
2026-01-29 14:00:16,901:   Final Train Loss: 28.8083
2026-01-29 14:00:16,901:   Final Train PSNR: 19.67 dB
2026-01-29 14:00:16,901:   Final Val Loss: 27.6068
2026-01-29 14:00:16,901:   Final Val PSNR: 21.63 dB
2026-01-29 14:00:16,909:   Saved weights to weights/bilevel_CT\CRR_bilevel_RevDEQ_for_CT_20260129_run4.pt
2026-01-29 14:00:16,909: 
======================================================================
2026-01-29 14:00:16,909: SUMMARY
2026-01-29 14:00:16,911: ======================================================================
2026-01-29 14:00:16,911: Method | Max Iter | F-Evals/Batch | Train Loss | Val Loss | Train PSNR | Val PSNR | Duration (s)
2026-01-29 14:00:16,911: ------------------------------------------------------------------------------------------------
2026-01-29 14:00:16,911: JFB    | 20       | 20            | 0.91       | 7.80     | 33.50      | 30.99    | 39.8        
2026-01-29 14:00:16,913: RevDEQ | 10       | 20            | 28.81      | 27.61    | 19.67      | 21.63    | 21.7        
2026-01-29 14:00:16,920: 
Results saved to: comparison_logs\comparison_results_CT_CRR_20260129_run4.json
2026-01-29 14:00:16,920: Log saved to: comparison_logs\comparison_CT_CRR_20260129_run4.log
