2026-01-23 16:19:59,494: Dataset: BSDS500_gray
2026-01-23 16:19:59,496: Train set size: 5, Val set size: 3
2026-01-23 16:19:59,511: Loaded pretrained weights from weights/score_for_Denoising/CRR_score_training_for_Denoising.pt
2026-01-23 16:19:59,512: ======================================================================
2026-01-23 16:19:59,512: HYPERGRADIENT METHOD COMPARISON
2026-01-23 16:19:59,512: ======================================================================
2026-01-23 16:19:59,513: Run ID: 20260123_run6
2026-01-23 16:19:59,513: Problem: Denoising
2026-01-23 16:19:59,514: Regularizer: CRR
2026-01-23 16:19:59,515: Epochs: 1
2026-01-23 16:19:59,515: Validation epochs: 1
2026-01-23 16:19:59,515: Load pretrained weights: True
2026-01-23 16:19:59,515: Load parameter-fitted weights: False
2026-01-23 16:19:59,516: RevDEQ beta: 0.5
2026-01-23 16:19:59,516: Use embedded beta: False
2026-01-23 16:19:59,516: Function evaluations per batch:
2026-01-23 16:19:59,517:   IFT: 10 steps x 1 = 10 f-evals
2026-01-23 16:19:59,517:   JFB: 10 steps x 1 = 10 f-evals
2026-01-23 16:19:59,517:   RevDEQ: 5 steps x 2 = 10 f-evals
2026-01-23 16:19:59,517: ======================================================================
2026-01-23 16:19:59,517: 
======================================================================
2026-01-23 16:19:59,517: Running IFT
2026-01-23 16:19:59,519: ======================================================================
2026-01-23 16:19:59,521: Using pretrained base regularizer
2026-01-23 16:20:39,919: [Epoch 1] Train Loss: 1.97E+01, PSNR: 23.30
2026-01-23 16:20:41,384: [Epoch 1] Val Loss: 8.89E+00, PSNR: 26.71
2026-01-23 16:20:41,386: 
IFT completed in 41.9s
2026-01-23 16:20:41,386:   Final Train Loss: 19.6644
2026-01-23 16:20:41,389:   Final Train PSNR: 23.30 dB
2026-01-23 16:20:41,389:   Final Val Loss: 8.8868
2026-01-23 16:20:41,391:   Final Val PSNR: 26.71 dB
2026-01-23 16:20:41,391: 
======================================================================
2026-01-23 16:20:41,391: Running JFB
2026-01-23 16:20:41,391: ======================================================================
2026-01-23 16:20:41,395: Using pretrained base regularizer
2026-01-23 16:20:45,937: [Epoch 1] Train Loss: 1.93E+01, PSNR: 23.43
2026-01-23 16:20:48,706: [Epoch 1] Val Loss: 1.02E+01, PSNR: 26.13
2026-01-23 16:20:48,709: 
JFB completed in 7.3s
2026-01-23 16:20:48,710:   Final Train Loss: 19.2848
2026-01-23 16:20:48,710:   Final Train PSNR: 23.43 dB
2026-01-23 16:20:48,710:   Final Val Loss: 10.1728
2026-01-23 16:20:48,711:   Final Val PSNR: 26.13 dB
2026-01-23 16:20:48,711: 
======================================================================
2026-01-23 16:20:48,711: Running RevDEQ
2026-01-23 16:20:48,712: ======================================================================
2026-01-23 16:20:48,715: Using pretrained base regularizer
2026-01-23 16:20:53,112: Step 5, Train PSNR 20.969522, RevDEQ steps 5, RevDEQ err 6.910848e-03
2026-01-23 16:20:53,113: [Epoch 1] Train Loss: 3.29E+01, PSNR: 20.97
2026-01-23 16:20:53,759: [Epoch 1] Val Loss: 2.67E+01, PSNR: 21.85
2026-01-23 16:20:53,762: 
RevDEQ completed in 5.0s
2026-01-23 16:20:53,762:   Final Train Loss: 32.8706
2026-01-23 16:20:53,762:   Final Train PSNR: 20.97 dB
2026-01-23 16:20:53,763:   Final Val Loss: 26.7236
2026-01-23 16:20:53,763:   Final Val PSNR: 21.85 dB
2026-01-23 16:20:53,763: 
======================================================================
2026-01-23 16:20:53,764: SUMMARY
2026-01-23 16:20:53,764: ======================================================================
2026-01-23 16:20:53,764: Method | Max Iter | F-Evals/Batch | Train Loss | Val Loss | Train PSNR | Val PSNR | Duration (s)
2026-01-23 16:20:53,765: ------------------------------------------------------------------------------------------------
2026-01-23 16:20:53,765: IFT    | 10       | 10            | 19.66      | 8.89     | 23.30      | 26.71    | 41.9        
2026-01-23 16:20:53,765: JFB    | 10       | 10            | 19.28      | 10.17    | 23.43      | 26.13    | 7.3         
2026-01-23 16:20:53,766: RevDEQ | 5        | 10            | 32.87      | 26.72    | 20.97      | 21.85    | 5.0         
2026-01-23 16:20:53,775: 
Results saved to: comparison_logs\comparison_results_Denoising_CRR_20260123_run6.json
2026-01-23 16:20:53,775: Log saved to: comparison_logs\comparison_Denoising_CRR_20260123_run6.log
