2026-01-23 16:03:10,715: Dataset: BSDS500_gray
2026-01-23 16:03:10,716: Train set size: 10, Val set size: 5
2026-01-23 16:03:10,749: Loaded pretrained weights from weights/score_for_Denoising/CRR_score_training_for_Denoising.pt
2026-01-23 16:03:10,749: ======================================================================
2026-01-23 16:03:10,751: HYPERGRADIENT METHOD COMPARISON
2026-01-23 16:03:10,751: ======================================================================
2026-01-23 16:03:10,751: Run ID: 20260123_run5
2026-01-23 16:03:10,753: Problem: Denoising
2026-01-23 16:03:10,759: Regularizer: CRR
2026-01-23 16:03:10,763: Epochs: 1
2026-01-23 16:03:10,767: Validation epochs: 1
2026-01-23 16:03:10,768: Load pretrained weights: True
2026-01-23 16:03:10,769: Load parameter-fitted weights: False
2026-01-23 16:03:10,776: RevDEQ beta: 0.5
2026-01-23 16:03:10,776: Use embedded beta: False
2026-01-23 16:03:10,778: Function evaluations per batch:
2026-01-23 16:03:10,782:   IFT: 20 steps x 1 = 20 f-evals
2026-01-23 16:03:10,783:   JFB: 20 steps x 1 = 20 f-evals
2026-01-23 16:03:10,788:   RevDEQ: 10 steps x 2 = 20 f-evals
2026-01-23 16:03:10,791: ======================================================================
2026-01-23 16:03:10,794: 
======================================================================
2026-01-23 16:03:10,795: Running IFT
2026-01-23 16:03:10,796: ======================================================================
2026-01-23 16:03:10,804: Using pretrained base regularizer
2026-01-23 16:03:49,645: [Epoch 1] Train Loss: 1.65E+01, PSNR: 24.57
2026-01-23 16:03:56,625: [Epoch 1] Val Loss: 8.24E+00, PSNR: 27.21
2026-01-23 16:03:56,628: 
IFT completed in 45.8s
2026-01-23 16:03:56,628:   Final Train Loss: 16.4778
2026-01-23 16:03:56,628:   Final Train PSNR: 24.57 dB
2026-01-23 16:03:56,630:   Final Val Loss: 8.2354
2026-01-23 16:03:56,630:   Final Val PSNR: 27.21 dB
2026-01-23 16:03:56,632: 
======================================================================
2026-01-23 16:03:56,632: Running JFB
2026-01-23 16:03:56,633: ======================================================================
2026-01-23 16:03:56,637: Using pretrained base regularizer
2026-01-23 16:04:14,668: [Epoch 1] Train Loss: 1.71E+01, PSNR: 24.28
2026-01-23 16:04:25,028: [Epoch 1] Val Loss: 8.52E+00, PSNR: 26.99
2026-01-23 16:04:25,031: 
JFB completed in 28.4s
2026-01-23 16:04:25,031:   Final Train Loss: 17.0716
2026-01-23 16:04:25,033:   Final Train PSNR: 24.28 dB
2026-01-23 16:04:25,033:   Final Val Loss: 8.5243
2026-01-23 16:04:25,033:   Final Val PSNR: 26.99 dB
2026-01-23 16:04:25,035: 
======================================================================
2026-01-23 16:04:25,035: Running RevDEQ
2026-01-23 16:04:25,037: ======================================================================
2026-01-23 16:04:25,040: Using pretrained base regularizer
2026-01-23 16:04:25,074: RevDEQ failed with error: expected scalar type Double but found Float
2026-01-23 16:04:25,075: 
======================================================================
2026-01-23 16:04:25,076: SUMMARY
2026-01-23 16:04:25,078: ======================================================================
2026-01-23 16:04:25,080: Method | Max Iter | F-Evals/Batch | Train Loss | Val Loss | Train PSNR | Val PSNR | Duration (s)
2026-01-23 16:04:25,081: ------------------------------------------------------------------------------------------------
2026-01-23 16:04:25,081: IFT    | 20       | 20            | 16.48      | 8.24     | 24.57      | 27.21    | 45.8        
2026-01-23 16:04:25,082: JFB    | 20       | 20            | 17.07      | 8.52     | 24.28      | 26.99    | 28.4        
2026-01-23 16:04:25,088: 
Results saved to: comparison_logs\comparison_results_Denoising_CRR_20260123_run5.json
2026-01-23 16:04:25,089: Log saved to: comparison_logs\comparison_Denoising_CRR_20260123_run5.log
